Component: ARM Compiler 5.06 update 6 (build 750) Tool: armlink [4d35ed]

==============================================================================

Section Cross References

    main.o(.text) refers to _printf_pad.o(.text) for _printf_pre_padding
    main.o(.text) refers to _printf_percent.o(.ARM.Collect$$_printf_percent$$00000000) for _printf_percent
    main.o(.text) refers to _printf_d.o(.ARM.Collect$$_printf_percent$$00000009) for _printf_d
    main.o(.text) refers to _printf_dec.o(.text) for _printf_int_dec
    main.o(.text) refers to delay.o(.text) for delay_init
    main.o(.text) refers to sys.o(.text) for NVIC_Configuration
    main.o(.text) refers to usart.o(.text) for uart_init
    main.o(.text) refers to led.o(.text) for LED_Init
    main.o(.text) refers to lcd.o(.text) for LCD_Init
    main.o(.text) refers to key.o(.text) for KEY_Init
    main.o(.text) refers to touch.o(.text) for TP_Init
    main.o(.text) refers to exti.o(.text) for EXTIX_Init
    main.o(.text) refers to w25qxx.o(.text) for W25QXX_Init
    main.o(.text) refers to malloc.o(.text) for my_mem_init
    main.o(.text) refers to exfuns.o(.text) for exfuns_init
    main.o(.text) refers to ff.o(.text) for f_mount
    main.o(.text) refers to fontupd.o(.text) for font_init
    main.o(.text) refers to stm32f10x_exti.o(.text) for EXTI_ClearITPendingBit
    main.o(.text) refers to noretval__2sprintf.o(.text) for __2sprintf
    main.o(.text) refers to bmp.o(.text) for bmp_encode
    main.o(.text) refers to text.o(.text) for Show_Str
    main.o(.text) refers to exfuns.o(.data) for fs
    main.o(.text) refers to lcd.o(.data) for POINT_COLOR
    main.o(.text) refers to usmart_config.o(.data) for usmart_dev
    main.o(.text) refers to exti.o(.data) for ov_sta
    main.o(.text) refers to ov7670.o(.bss) for ov7670_config
    main.o(.text) refers to main.o(.data) for color_r
    main.o(.text) refers to timer.o(.data) for ov_frame
    main.o(.text) refers to lcd.o(.bss) for lcddev
    main.o(.text) refers to piclib.o(.text) for piclib_init
    main.o(.text) refers to strcpy.o(.text) for strcpy
    main.o(.text) refers to strcat.o(.text) for strcat
    main.o(.text) refers to ov7670.o(.text) for OV7670_Init
    main.o(.text) refers to timer.o(.text) for TIM6_Int_Init
    main.o(.text) refers to f2d.o(x$fpl$f2d) for __aeabi_f2d
    main.o(.text) refers to drleqf.o(x$fpl$drleqf) for __aeabi_cdrcmple
    main.o(.text) refers to stm32f10x_gpio.o(.text) for GPIO_ReadInputDataBit
    main.o(.text) refers to stm32f10x_tim.o(.text) for TIM_Cmd
    main.o(.text) refers to fflt_clz.o(x$fpl$ffltu) for __aeabi_ui2f
    main.o(.text) refers to faddsub_clz.o(x$fpl$fadd) for __aeabi_fadd
    main.o(.text) refers to fmul.o(x$fpl$fmul) for __aeabi_fmul
    main.o(.text) refers to ffix.o(x$fpl$ffix) for __aeabi_f2iz
    system_stm32f10x.o(.text) refers to system_stm32f10x.o(.data) for SystemCoreClock
    led.o(.text) refers to stm32f10x_rcc.o(.text) for RCC_APB2PeriphClockCmd
    led.o(.text) refers to stm32f10x_gpio.o(.text) for GPIO_Init
    key.o(.text) refers to stm32f10x_rcc.o(.text) for RCC_APB2PeriphClockCmd
    key.o(.text) refers to stm32f10x_gpio.o(.text) for GPIO_Init
    key.o(.text) refers to delay.o(.text) for delay_ms
    key.o(.text) refers to key.o(.data) for key_up
    lcd.o(.text) refers to _printf_percent.o(.ARM.Collect$$_printf_percent$$00000000) for _printf_percent
    lcd.o(.text) refers to _printf_x.o(.ARM.Collect$$_printf_percent$$0000000C) for _printf_x
    lcd.o(.text) refers to _printf_hex_int.o(.text) for _printf_longlong_hex
    lcd.o(.text) refers to delay.o(.text) for delay_us
    lcd.o(.text) refers to lcd.o(.bss) for lcddev
    lcd.o(.text) refers to stm32f10x_rcc.o(.text) for RCC_AHBPeriphClockCmd
    lcd.o(.text) refers to stm32f10x_gpio.o(.text) for GPIO_Init
    lcd.o(.text) refers to stm32f10x_fsmc.o(.text) for FSMC_NORSRAMInit
    lcd.o(.text) refers to noretval__2printf.o(.text) for __2printf
    lcd.o(.text) refers to lcd.o(.data) for POINT_COLOR
    lcd.o(.text) refers to lcd.o(.constdata) for asc2_1206
    tpad.o(.text) refers to _printf_percent.o(.ARM.Collect$$_printf_percent$$00000000) for _printf_percent
    tpad.o(.text) refers to _printf_d.o(.ARM.Collect$$_printf_percent$$00000009) for _printf_d
    tpad.o(.text) refers to _printf_dec.o(.text) for _printf_int_dec
    tpad.o(.text) refers to stm32f10x_rcc.o(.text) for RCC_APB2PeriphClockCmd
    tpad.o(.text) refers to stm32f10x_gpio.o(.text) for GPIO_Init
    tpad.o(.text) refers to delay.o(.text) for delay_ms
    tpad.o(.text) refers to stm32f10x_tim.o(.text) for TIM_SetCounter
    tpad.o(.text) refers to noretval__2printf.o(.text) for __2printf
    tpad.o(.text) refers to tpad.o(.data) for GPIO_InitStructure
    exti.o(.text) refers to key.o(.text) for KEY_Init
    exti.o(.text) refers to stm32f10x_rcc.o(.text) for RCC_APB2PeriphClockCmd
    exti.o(.text) refers to stm32f10x_gpio.o(.text) for GPIO_EXTILineConfig
[...]
    CAN1_SCE_IRQHandler                      0x0800861f   Thumb Code     0  startup_stm32f10x_hd.o(.text)
    DMA1_Channel1_IRQHandler                 0x0800861f   Thumb Code     0  startup_stm32f10x_hd.o(.text)
    DMA1_Channel2_IRQHandler                 0x0800861f   Thumb Code     0  startup_stm32f10x_hd.o(.text)
    DMA1_Channel3_IRQHandler                 0x0800861f   Thumb Code     0  startup_stm32f10x_hd.o(.text)
    DMA1_Channel4_IRQHandler                 0x0800861f   Thumb Code     0  startup_stm32f10x_hd.o(.text)
    DMA1_Channel5_IRQHandler                 0x0800861f   Thumb Code     0  startup_stm32f10x_hd.o(.text)
    DMA1_Channel6_IRQHandler                 0x0800861f   Thumb Code     0  startup_stm32f10x_hd.o(.text)
    DMA1_Channel7_IRQHandler                 0x0800861f   Thumb Code     0  startup_stm32f10x_hd.o(.text)
    DMA2_Channel1_IRQHandler                 0x0800861f   Thumb Code     0  startup_stm32f10x_hd.o(.text)
    DMA2_Channel2_IRQHandler                 0x0800861f   Thumb Code     0  startup_stm32f10x_hd.o(.text)
    DMA2_Channel3_IRQHandler                 0x0800861f   Thumb Code     0  startup_stm32f10x_hd.o(.text)
    DMA2_Channel4_5_IRQHandler               0x0800861f   Thumb Code     0  startup_stm32f10x_hd.o(.text)
    EXTI15_10_IRQHandler                     0x0800861f   Thumb Code     0  startup_stm32f10x_hd.o(.text)
    EXTI1_IRQHandler                         0x0800861f   Thumb Code     0  startup_stm32f10x_hd.o(.text)
    EXTI2_IRQHandler                         0x0800861f   Thumb Code     0  startup_stm32f10x_hd.o(.text)
    EXTI4_IRQHandler                         0x0800861f   Thumb Code     0  startup_stm32f10x_hd.o(.text)
    FLASH_IRQHandler                         0x0800861f   Thumb Code     0  startup_stm32f10x_hd.o(.text)
    FSMC_IRQHandler                          0x0800861f   Thumb Code     0  startup_stm32f10x_hd.o(.text)
    I2C1_ER_IRQHandler                       0x0800861f   Thumb Code     0  startup_stm32f10x_hd.o(.text)
    I2C1_EV_IRQHandler                       0x0800861f   Thumb Code     0  startup_stm32f10x_hd.o(.text)
    I2C2_ER_IRQHandler                       0x0800861f   Thumb Code     0  startup_stm32f10x_hd.o(.text)
    I2C2_EV_IRQHandler                       0x0800861f   Thumb Code     0  startup_stm32f10x_hd.o(.text)
    PVD_IRQHandler                           0x0800861f   Thumb Code     0  startup_stm32f10x_hd.o(.text)
    RCC_IRQHandler                           0x0800861f   Thumb Code     0  startup_stm32f10x_hd.o(.text)
    RTCAlarm_IRQHandler                      0x0800861f   Thumb Code     0  startup_stm32f10x_hd.o(.text)
    RTC_IRQHandler                           0x0800861f   Thumb Code     0  startup_stm32f10x_hd.o(.text)
    SPI1_IRQHandler                          0x0800861f   Thumb Code     0  startup_stm32f10x_hd.o(.text)
    SPI2_IRQHandler                          0x0800861f   Thumb Code     0  startup_stm32f10x_hd.o(.text)
    SPI3_IRQHandler                          0x0800861f   Thumb Code     0  startup_stm32f10x_hd.o(.text)
    TAMPER_IRQHandler                        0x0800861f   Thumb Code     0  startup_stm32f10x_hd.o(.text)
    TIM1_BRK_IRQHandler                      0x0800861f   Thumb Code     0  startup_stm32f10x_hd.o(.text)
    TIM1_CC_IRQHandler                       0x0800861f   Thumb Code     0  startup_stm32f10x_hd.o(.text)
    TIM1_TRG_COM_IRQHandler                  0x0800861f   Thumb Code     0  startup_stm32f10x_hd.o(.text)
    TIM1_UP_IRQHandler                       0x0800861f   Thumb Code     0  startup_stm32f10x_hd.o(.text)
    TIM4_IRQHandler                          0x0800861f   Thumb Code     0  startup_stm32f10x_hd.o(.text)
    TIM7_IRQHandler                          0x0800861f   Thumb Code     0  startup_stm32f10x_hd.o(.text)
    TIM8_BRK_IRQHandler                      0x0800861f   Thumb Code     0  startup_stm32f10x_hd.o(.text)
    TIM8_CC_IRQHandler                       0x0800861f   Thumb Code     0  startup_stm32f10x_hd.o(.text)
    TIM8_TRG_COM_IRQHandler                  0x0800861f   Thumb Code     0  startup_stm32f10x_hd.o(.text)
    TIM8_UP_IRQHandler                       0x0800861f   Thumb Code     0  startup_stm32f10x_hd.o(.text)
    UART4_IRQHandler                         0x0800861f   Thumb Code     0  startup_stm32f10x_hd.o(.text)
    UART5_IRQHandler                         0x0800861f   Thumb Code     0  startup_stm32f10x_hd.o(.text)
    USART2_IRQHandler                        0x0800861f   Thumb Code     0  startup_stm32f10x_hd.o(.text)
    USART3_IRQHandler                        0x0800861f   Thumb Code     0  startup_stm32f10x_hd.o(.text)
    USBWakeUp_IRQHandler                     0x0800861f   Thumb Code     0  startup_stm32f10x_hd.o(.text)
    USB_HP_CAN1_TX_IRQHandler                0x0800861f   Thumb Code     0  startup_stm32f10x_hd.o(.text)
    USB_LP_CAN1_RX0_IRQHandler               0x0800861f   Thumb Code     0  startup_stm32f10x_hd.o(.text)
    WWDG_IRQHandler                          0x0800861f   Thumb Code     0  startup_stm32f10x_hd.o(.text)
    __user_initial_stackheap                 0x08008621   Thumb Code     0  startup_stm32f10x_hd.o(.text)
    NVIC_PriorityGroupConfig                 0x08008645   Thumb Code    10  misc.o(.text)
    NVIC_Init                                0x0800864f   Thumb Code   100  misc.o(.text)
    NVIC_SetVectorTable                      0x080086b3   Thumb Code    14  misc.o(.text)
    NVIC_SystemLPConfig                      0x080086c1   Thumb Code    34  misc.o(.text)
    SysTick_CLKSourceConfig                  0x080086e3   Thumb Code    40  misc.o(.text)
    FSMC_NORSRAMDeInit                       0x08008721   Thumb Code    54  stm32f10x_fsmc.o(.text)
    FSMC_NANDDeInit                          0x08008757   Thumb Code    62  stm32f10x_fsmc.o(.text)
    FSMC_PCCARDDeInit                        0x08008795   Thumb Code    36  stm32f10x_fsmc.o(.text)
    FSMC_NORSRAMInit                         0x080087b9   Thumb Code   230  stm32f10x_fsmc.o(.text)
    FSMC_NANDInit                            0x0800889f   Thumb Code   132  stm32f10x_fsmc.o(.text)
    FSMC_PCCARDInit                          0x08008923   Thumb Code   130  stm32f10x_fsmc.o(.text)
    FSMC_NORSRAMStructInit                   0x080089a5   Thumb Code   114  stm32f10x_fsmc.o(.text)
    FSMC_NANDStructInit                      0x08008a17   Thumb Code    54  stm32f10x_fsmc.o(.text)
    FSMC_PCCARDStructInit                    0x08008a4d   Thumb Code    60  stm32f10x_fsmc.o(.text)
    FSMC_NORSRAMCmd                          0x08008a89   Thumb Code    46  stm32f10x_fsmc.o(.text)
    FSMC_NANDCmd                             0x08008ab7   Thumb Code    86  stm32f10x_fsmc.o(.text)
    FSMC_PCCARDCmd                           0x08008b0d   Thumb Code    44  stm32f10x_fsmc.o(.text)
    FSMC_NANDECCCmd                          0x08008b39   Thumb Code    90  stm32f10x_fsmc.o(.text)
    FSMC_GetECC                              0x08008b93   Thumb Code    24  stm32f10x_fsmc.o(.text)
    FSMC_ITConfig                            0x08008bab   Thumb Code   128  stm32f10x_fsmc.o(.text)
    FSMC_GetFlagStatus                       0x08008c2b   Thumb Code    54  stm32f10x_fsmc.o(.text)
    FSMC_ClearFlag                           0x08008c61   Thumb Code    62  stm32f10x_fsmc.o(.text)
    FSMC_GetITStatus                         0x08008c9f   Thumb Code    64  stm32f10x_fsmc.o(.text)
    FSMC_ClearITPendingBit                   0x08008cdf   Thumb Code    68  stm32f10x_fsmc.o(.text)
    GPIO_DeInit                              0x08008d2d   Thumb Code   172  stm32f10x_gpio.o(.text)
    GPIO_AFIODeInit                          0x08008dd9   Thumb Code    20  stm32f10x_gpio.o(.text)
    GPIO_Init                                0x08008ded   Thumb Code   278  stm32f10x_gpio.o(.text)
    GPIO_StructInit                          0x08008f03   Thumb Code    16  stm32f10x_gpio.o(.text)
    GPIO_ReadInputDataBit                    0x08008f13   Thumb Code    18  stm32f10x_gpio.o(.text)
    GPIO_ReadInputData                       0x08008f25   Thumb Code     8  stm32f10x_gpio.o(.text)
    GPIO_ReadOutputDataBit                   0x08008f2d   Thumb Code    18  stm32f10x_gpio.o(.text)
    GPIO_ReadOutputData                      0x08008f3f   Thumb Code     8  stm32f10x_gpio.o(.text)
    GPIO_SetBits                             0x08008f47   Thumb Code     4  stm32f10x_gpio.o(.text)
    GPIO_ResetBits                           0x08008f4b   Thumb Code     4  stm32f10x_gpio.o(.text)
    GPIO_WriteBit                            0x08008f4f   Thumb Code    10  stm32f10x_gpio.o(.text)
    GPIO_Write                               0x08008f59   Thumb Code     4  stm32f10x_gpio.o(.text)
    GPIO_PinLockConfig                       0x08008f5d   Thumb Code    18  stm32f10x_gpio.o(.text)
    GPIO_EventOutputConfig                   0x08008f6f   Thumb Code    26  stm32f10x_gpio.o(.text)
    GPIO_EventOutputCmd                      0x08008f89   Thumb Code     6  stm32f10x_gpio.o(.text)
    GPIO_PinRemapConfig                      0x08008f8f   Thumb Code   138  stm32f10x_gpio.o(.text)
    GPIO_EXTILineConfig                      0x08009019   Thumb Code    66  stm32f10x_gpio.o(.text)
    GPIO_ETH_MediaInterfaceConfig            0x0800905b   Thumb Code     8  stm32f10x_gpio.o(.text)
    RCC_DeInit                               0x08009089   Thumb Code    64  stm32f10x_rcc.o(.text)
    RCC_HSEConfig                            0x080090c9   Thumb Code    70  stm32f10x_rcc.o(.text)
    RCC_GetFlagStatus                        0x0800910f   Thumb Code    56  stm32f10x_rcc.o(.text)
    RCC_WaitForHSEStartUp                    0x08009147   Thumb Code    56  stm32f10x_rcc.o(.text)
    RCC_AdjustHSICalibrationValue            0x0800917f   Thumb Code    20  stm32f10x_rcc.o(.text)
    RCC_HSICmd                               0x08009193   Thumb Code     6  stm32f10x_rcc.o(.text)
    RCC_PLLConfig                            0x08009199   Thumb Code    24  stm32f10x_rcc.o(.text)
    RCC_PLLCmd                               0x080091b1   Thumb Code     6  stm32f10x_rcc.o(.text)
    RCC_SYSCLKConfig                         0x080091b7   Thumb Code    18  stm32f10x_rcc.o(.text)
    RCC_GetSYSCLKSource                      0x080091c9   Thumb Code    10  stm32f10x_rcc.o(.text)
    RCC_HCLKConfig                           0x080091d3   Thumb Code    18  stm32f10x_rcc.o(.text)
    RCC_PCLK1Config                          0x080091e5   Thumb Code    18  stm32f10x_rcc.o(.text)
    RCC_PCLK2Config                          0x080091f7   Thumb Code    20  stm32f10x_rcc.o(.text)
    RCC_ITConfig                             0x0800920b   Thumb Code    26  stm32f10x_rcc.o(.text)
    RCC_USBCLKConfig                         0x08009225   Thumb Code     8  stm32f10x_rcc.o(.text)
    RCC_ADCCLKConfig                         0x0800922d   Thumb Code    18  stm32f10x_rcc.o(.text)
    RCC_LSEConfig                            0x0800923f   Thumb Code    50  stm32f10x_rcc.o(.text)
    RCC_LSICmd                               0x08009271   Thumb Code     6  stm32f10x_rcc.o(.text)
    RCC_RTCCLKConfig                         0x08009277   Thumb Code    12  stm32f10x_rcc.o(.text)
    RCC_RTCCLKCmd                            0x08009283   Thumb Code     8  stm32f10x_rcc.o(.text)
    RCC_GetClocksFreq                        0x0800928b   Thumb Code   192  stm32f10x_rcc.o(.text)
    RCC_AHBPeriphClockCmd                    0x0800934b   Thumb Code    26  stm32f10x_rcc.o(.text)
    RCC_APB2PeriphClockCmd                   0x08009365   Thumb Code    26  stm32f10x_rcc.o(.text)
    RCC_APB1PeriphClockCmd                   0x0800937f   Thumb Code    26  stm32f10x_rcc.o(.text)
    RCC_APB2PeriphResetCmd                   0x08009399   Thumb Code    26  stm32f10x_rcc.o(.text)
    RCC_APB1PeriphResetCmd                   0x080093b3   Thumb Code    26  stm32f10x_rcc.o(.text)
    RCC_BackupResetCmd                       0x080093cd   Thumb Code     8  stm32f10x_rcc.o(.text)
    RCC_ClockSecuritySystemCmd               0x080093d5   Thumb Code     6  stm32f10x_rcc.o(.text)
    RCC_MCOConfig                            0x080093db   Thumb Code     6  stm32f10x_rcc.o(.text)
    RCC_ClearFlag                            0x080093e1   Thumb Code    14  stm32f10x_rcc.o(.text)
    RCC_GetITStatus                          0x080093ef   Thumb Code    20  stm32f10x_rcc.o(.text)
    RCC_ClearITPendingBit                    0x08009403   Thumb Code     6  stm32f10x_rcc.o(.text)
    USART_DeInit                             0x0800942d   Thumb Code   134  stm32f10x_usart.o(.text)
    USART_Init                               0x080094b3   Thumb Code   210  stm32f10x_usart.o(.text)
    USART_StructInit                         0x08009585   Thumb Code    24  stm32f10x_usart.o(.text)
    USART_ClockInit                          0x0800959d   Thumb Code    34  stm32f10x_usart.o(.text)
    USART_ClockStructInit                    0x080095bf   Thumb Code    12  stm32f10x_usart.o(.text)
    USART_Cmd                                0x080095cb   Thumb Code    24  stm32f10x_usart.o(.text)
    USART_ITConfig                           0x080095e3   Thumb Code    74  stm32f10x_usart.o(.text)
    USART_DMACmd                             0x0800962d   Thumb Code    18  stm32f10x_usart.o(.text)
    USART_SetAddress                         0x0800963f   Thumb Code    18  stm32f10x_usart.o(.text)
    USART_WakeUpConfig                       0x08009651   Thumb Code    18  stm32f10x_usart.o(.text)
    USART_ReceiverWakeUpCmd                  0x08009663   Thumb Code    24  stm32f10x_usart.o(.text)
    USART_LINBreakDetectLengthConfig         0x0800967b   Thumb Code    18  stm32f10x_usart.o(.text)
    USART_LINCmd                             0x0800968d   Thumb Code    24  stm32f10x_usart.o(.text)
    USART_SendData                           0x080096a5   Thumb Code     8  stm32f10x_usart.o(.text)
    USART_ReceiveData                        0x080096ad   Thumb Code    10  stm32f10x_usart.o(.text)
    USART_SendBreak                          0x080096b7   Thumb Code    10  stm32f10x_usart.o(.text)
    USART_SetGuardTime                       0x080096c1   Thumb Code    16  stm32f10x_usart.o(.text)
    USART_SetPrescaler                       0x080096d1   Thumb Code    16  stm32f10x_usart.o(.text)
    USART_SmartCardCmd                       0x080096e1   Thumb Code    24  stm32f10x_usart.o(.text)
    USART_SmartCardNACKCmd                   0x080096f9   Thumb Code    24  stm32f10x_usart.o(.text)
    USART_HalfDuplexCmd                      0x08009711   Thumb Code    24  stm32f10x_usart.o(.text)
    USART_OverSampling8Cmd                   0x08009729   Thumb Code    22  stm32f10x_usart.o(.text)
    USART_OneBitMethodCmd                    0x0800973f   Thumb Code    24  stm32f10x_usart.o(.text)
    USART_IrDAConfig                         0x08009757   Thumb Code    18  stm32f10x_usart.o(.text)
    USART_IrDACmd                            0x08009769   Thumb Code    24  stm32f10x_usart.o(.text)
    USART_GetFlagStatus                      0x08009781   Thumb Code    26  stm32f10x_usart.o(.text)
    USART_ClearFlag                          0x0800979b   Thumb Code    18  stm32f10x_usart.o(.text)
    USART_GetITStatus                        0x080097ad   Thumb Code    84  stm32f10x_usart.o(.text)
    USART_ClearITPendingBit                  0x08009801   Thumb Code    52  stm32f10x_usart.o(.text)
    EXTI_DeInit                              0x08009835   Thumb Code    28  stm32f10x_exti.o(.text)
    EXTI_Init                                0x08009851   Thumb Code   142  stm32f10x_exti.o(.text)
    EXTI_StructInit                          0x080098df   Thumb Code    16  stm32f10x_exti.o(.text)
    EXTI_GenerateSWInterrupt                 0x080098ef   Thumb Code    16  stm32f10x_exti.o(.text)
    EXTI_GetFlagStatus                       0x080098ff   Thumb Code    22  stm32f10x_exti.o(.text)
    EXTI_ClearFlag                           0x08009915   Thumb Code     8  stm32f10x_exti.o(.text)
    EXTI_GetITStatus                         0x0800991d   Thumb Code    34  stm32f10x_exti.o(.text)
    EXTI_ClearITPendingBit                   0x0800993f   Thumb Code     8  stm32f10x_exti.o(.text)
    TIM_DeInit                               0x08009951   Thumb Code   424  stm32f10x_tim.o(.text)
    TIM_TimeBaseInit                         0x08009af9   Thumb Code   122  stm32f10x_tim.o(.text)
    TIM_OC1Init                              0x08009b73   Thumb Code   132  stm32f10x_tim.o(.text)
    TIM_OC2Init                              0x08009bf7   Thumb Code   154  stm32f10x_tim.o(.text)
    TIM_OC3Init                              0x08009c91   Thumb Code   150  stm32f10x_tim.o(.text)
    TIM_OC4Init                              0x08009d27   Thumb Code   182  stm32f10x_tim.o(.text)
    TIM_SetIC4Prescaler                      0x08009ddd   Thumb Code    26  stm32f10x_tim.o(.text)
    TIM_SetIC3Prescaler                      0x08009e79   Thumb Code    18  stm32f10x_tim.o(.text)
    TIM_SetIC2Prescaler                      0x08009f05   Thumb Code    26  stm32f10x_tim.o(.text)
    TIM_SetIC1Prescaler                      0x08009fa1   Thumb Code    18  stm32f10x_tim.o(.text)
    TIM_ICInit                               0x0800a01f   Thumb Code   150  stm32f10x_tim.o(.text)
    TIM_PWMIConfig                           0x0800a0b5   Thumb Code   124  stm32f10x_tim.o(.text)
    TIM_BDTRConfig                           0x0800a131   Thumb Code    32  stm32f10x_tim.o(.text)
    TIM_TimeBaseStructInit                   0x0800a151   Thumb Code    18  stm32f10x_tim.o(.text)
    TIM_OCStructInit                         0x0800a163   Thumb Code    20  stm32f10x_tim.o(.text)
    TIM_ICStructInit                         0x0800a177   Thumb Code    18  stm32f10x_tim.o(.text)
    TIM_BDTRStructInit                       0x0800a189   Thumb Code    40  stm32f10x_tim.o(.text)
    TIM_Cmd                                  0x0800a1b1   Thumb Code    24  stm32f10x_tim.o(.text)
    TIM_CtrlPWMOutputs                       0x0800a1c9   Thumb Code    30  stm32f10x_tim.o(.text)
    TIM_ITConfig                             0x0800a1e7   Thumb Code    18  stm32f10x_tim.o(.text)
    TIM_GenerateEvent                        0x0800a1f9   Thumb Code     4  stm32f10x_tim.o(.text)
    TIM_DMAConfig                            0x0800a1fd   Thumb Code    10  stm32f10x_tim.o(.text)
    TIM_DMACmd                               0x0800a207   Thumb Code    18  stm32f10x_tim.o(.text)
    TIM_InternalClockConfig                  0x0800a219   Thumb Code    12  stm32f10x_tim.o(.text)
    TIM_SelectInputTrigger                   0x0800a225   Thumb Code    18  stm32f10x_tim.o(.text)
    TIM_ITRxExternalClockConfig              0x0800a237   Thumb Code    24  stm32f10x_tim.o(.text)
    TIM_TIxExternalClockConfig               0x0800a24f   Thumb Code    62  stm32f10x_tim.o(.text)
    TIM_ETRConfig                            0x0800a28d   Thumb Code    28  stm32f10x_tim.o(.text)
    TIM_ETRClockMode1Config                  0x0800a2a9   Thumb Code    54  stm32f10x_tim.o(.text)
    TIM_ETRClockMode2Config                  0x0800a2df   Thumb Code    32  stm32f10x_tim.o(.text)
    TIM_PrescalerConfig                      0x0800a2ff   Thumb Code     6  stm32f10x_tim.o(.text)
    TIM_CounterModeConfig                    0x0800a305   Thumb Code    18  stm32f10x_tim.o(.text)
    TIM_EncoderInterfaceConfig               0x0800a317   Thumb Code    66  stm32f10x_tim.o(.text)
    TIM_ForcedOC1Config                      0x0800a359   Thumb Code    18  stm32f10x_tim.o(.text)
    TIM_ForcedOC2Config                      0x0800a36b   Thumb Code    26  stm32f10x_tim.o(.text)
    TIM_ForcedOC3Config                      0x0800a385   Thumb Code    18  stm32f10x_tim.o(.text)
    TIM_ForcedOC4Config                      0x0800a397   Thumb Code    26  stm32f10x_tim.o(.text)
    TIM_ARRPreloadConfig                     0x0800a3b1   Thumb Code    24  stm32f10x_tim.o(.text)
    TIM_SelectCOM                            0x0800a3c9   Thumb Code    24  stm32f10x_tim.o(.text)
    TIM_SelectCCDMA                          0x0800a3e1   Thumb Code    24  stm32f10x_tim.o(.text)
    TIM_CCPreloadControl                     0x0800a3f9   Thumb Code    24  stm32f10x_tim.o(.text)
    TIM_OC1PreloadConfig                     0x0800a411   Thumb Code    18  stm32f10x_tim.o(.text)
    TIM_OC2PreloadConfig                     0x0800a423   Thumb Code    26  stm32f10x_tim.o(.text)
    TIM_OC3PreloadConfig                     0x0800a43d   Thumb Code    18  stm32f10x_tim.o(.text)
    TIM_OC4PreloadConfig                     0x0800a44f   Thumb Code    26  stm32f10x_tim.o(.text)
    TIM_OC1FastConfig                        0x0800a469   Thumb Code    18  stm32f10x_tim.o(.text)
    TIM_OC2FastConfig                        0x0800a47b   Thumb Code    26  stm32f10x_tim.o(.text)
    TIM_OC3FastConfig                        0x0800a495   Thumb Code    18  stm32f10x_tim.o(.text)
    TIM_OC4FastConfig                        0x0800a4a7   Thumb Code    26  stm32f10x_tim.o(.text)
    TIM_ClearOC1Ref                          0x0800a4c1   Thumb Code    18  stm32f10x_tim.o(.text)
    TIM_ClearOC2Ref                          0x0800a4d3   Thumb Code    24  stm32f10x_tim.o(.text)
    TIM_ClearOC3Ref                          0x0800a4eb   Thumb Code    18  stm32f10x_tim.o(.text)
    TIM_ClearOC4Ref                          0x0800a4fd   Thumb Code    24  stm32f10x_tim.o(.text)
    TIM_OC1PolarityConfig                    0x0800a515   Thumb Code    18  stm32f10x_tim.o(.text)
    TIM_OC1NPolarityConfig                   0x0800a527   Thumb Code    18  stm32f10x_tim.o(.text)
    TIM_OC2PolarityConfig                    0x0800a539   Thumb Code    26  stm32f10x_tim.o(.text)
    TIM_OC2NPolarityConfig                   0x0800a553   Thumb Code    26  stm32f10x_tim.o(.text)
    TIM_OC3PolarityConfig                    0x0800a56d   Thumb Code    26  stm32f10x_tim.o(.text)
    TIM_OC3NPolarityConfig                   0x0800a587   Thumb Code    26  stm32f10x_tim.o(.text)
    TIM_OC4PolarityConfig                    0x0800a5a1   Thumb Code    26  stm32f10x_tim.o(.text)
    TIM_CCxCmd                               0x0800a5bb   Thumb Code    30  stm32f10x_tim.o(.text)
    TIM_CCxNCmd                              0x0800a5d9   Thumb Code    30  stm32f10x_tim.o(.text)
    TIM_SelectOCxM                           0x0800a5f7   Thumb Code    82  stm32f10x_tim.o(.text)
    TIM_UpdateDisableConfig                  0x0800a649   Thumb Code    24  stm32f10x_tim.o(.text)
    TIM_UpdateRequestConfig                  0x0800a661   Thumb Code    24  stm32f10x_tim.o(.text)
    TIM_SelectHallSensor                     0x0800a679   Thumb Code    24  stm32f10x_tim.o(.text)
    TIM_SelectOnePulseMode                   0x0800a691   Thumb Code    18  stm32f10x_tim.o(.text)
    TIM_SelectOutputTrigger                  0x0800a6a3   Thumb Code    18  stm32f10x_tim.o(.text)
    TIM_SelectSlaveMode                      0x0800a6b5   Thumb Code    18  stm32f10x_tim.o(.text)
    TIM_SelectMasterSlaveMode                0x0800a6c7   Thumb Code    18  stm32f10x_tim.o(.text)
    TIM_SetCounter                           0x0800a6d9   Thumb Code     4  stm32f10x_tim.o(.text)
    TIM_SetAutoreload                        0x0800a6dd   Thumb Code     4  stm32f10x_tim.o(.text)
    TIM_SetCompare1                          0x0800a6e1   Thumb Code     4  stm32f10x_tim.o(.text)
    TIM_SetCompare2                          0x0800a6e5   Thumb Code     4  stm32f10x_tim.o(.text)
    TIM_SetCompare3                          0x0800a6e9   Thumb Code     4  stm32f10x_tim.o(.text)
    TIM_SetCompare4                          0x0800a6ed   Thumb Code     6  stm32f10x_tim.o(.text)
    TIM_SetClockDivision                     0x0800a6f3   Thumb Code    18  stm32f10x_tim.o(.text)
    TIM_GetCapture1                          0x0800a705   Thumb Code     6  stm32f10x_tim.o(.text)
    TIM_GetCapture2                          0x0800a70b   Thumb Code     6  stm32f10x_tim.o(.text)
    TIM_GetCapture3                          0x0800a711   Thumb Code     6  stm32f10x_tim.o(.text)
    TIM_GetCapture4                          0x0800a717   Thumb Code     8  stm32f10x_tim.o(.text)
    TIM_GetCounter                           0x0800a71f   Thumb Code     6  stm32f10x_tim.o(.text)
    TIM_GetPrescaler                         0x0800a725   Thumb Code     6  stm32f10x_tim.o(.text)
    TIM_GetFlagStatus                        0x0800a72b   Thumb Code    18  stm32f10x_tim.o(.text)
    TIM_ClearFlag                            0x0800a73d   Thumb Code     6  stm32f10x_tim.o(.text)
    TIM_GetITStatus                          0x0800a743   Thumb Code    34  stm32f10x_tim.o(.text)
    TIM_ClearITPendingBit                    0x0800a765   Thumb Code     6  stm32f10x_tim.o(.text)
    SPI_I2S_DeInit                           0x0800a76d   Thumb Code    76  stm32f10x_spi.o(.text)
    SPI_Init                                 0x0800a7b9   Thumb Code    60  stm32f10x_spi.o(.text)
    I2S_Init                                 0x0800a7f5   Thumb Code   226  stm32f10x_spi.o(.text)
    SPI_StructInit                           0x0800a8d7   Thumb Code    24  stm32f10x_spi.o(.text)
    I2S_StructInit                           0x0800a8ef   Thumb Code    20  stm32f10x_spi.o(.text)
    SPI_Cmd                                  0x0800a903   Thumb Code    24  stm32f10x_spi.o(.text)
    I2S_Cmd                                  0x0800a91b   Thumb Code    24  stm32f10x_spi.o(.text)
    SPI_I2S_ITConfig                         0x0800a933   Thumb Code    32  stm32f10x_spi.o(.text)
    SPI_I2S_DMACmd                           0x0800a953   Thumb Code    18  stm32f10x_spi.o(.text)
    SPI_I2S_SendData                         0x0800a965   Thumb Code     4  stm32f10x_spi.o(.text)
    SPI_I2S_ReceiveData                      0x0800a969   Thumb Code     6  stm32f10x_spi.o(.text)
    SPI_NSSInternalSoftwareConfig            0x0800a96f   Thumb Code    30  stm32f10x_spi.o(.text)
    SPI_SSOutputCmd                          0x0800a98d   Thumb Code    24  stm32f10x_spi.o(.text)
    SPI_DataSizeConfig                       0x0800a9a5   Thumb Code    18  stm32f10x_spi.o(.text)
    SPI_TransmitCRC                          0x0800a9b7   Thumb Code    10  stm32f10x_spi.o(.text)
    SPI_CalculateCRC                         0x0800a9c1   Thumb Code    24  stm32f10x_spi.o(.text)
    SPI_GetCRC                               0x0800a9d9   Thumb Code    16  stm32f10x_spi.o(.text)
    SPI_GetCRCPolynomial                     0x0800a9e9   Thumb Code     6  stm32f10x_spi.o(.text)
    SPI_BiDirectionalLineConfig              0x0800a9ef   Thumb Code    28  stm32f10x_spi.o(.text)
    SPI_I2S_GetFlagStatus                    0x0800aa0b   Thumb Code    18  stm32f10x_spi.o(.text)
    SPI_I2S_ClearFlag                        0x0800aa1d   Thumb Code     6  stm32f10x_spi.o(.text)
    SPI_I2S_GetITStatus                      0x0800aa23   Thumb Code    52  stm32f10x_spi.o(.text)
    SPI_I2S_ClearITPendingBit                0x0800aa57   Thumb Code    20  stm32f10x_spi.o(.text)
    DMA_DeInit                               0x0800aa79   Thumb Code   324  stm32f10x_dma.o(.text)
    DMA_Init                                 0x0800abbd   Thumb Code    60  stm32f10x_dma.o(.text)
    DMA_StructInit                           0x0800abf9   Thumb Code    26  stm32f10x_dma.o(.text)
    DMA_Cmd                                  0x0800ac13   Thumb Code    24  stm32f10x_dma.o(.text)
    DMA_ITConfig                             0x0800ac2b   Thumb Code    18  stm32f10x_dma.o(.text)
    DMA_SetCurrDataCounter                   0x0800ac3d   Thumb Code     4  stm32f10x_dma.o(.text)
    DMA_GetCurrDataCounter                   0x0800ac41   Thumb Code     8  stm32f10x_dma.o(.text)
    DMA_GetFlagStatus                        0x0800ac49   Thumb Code    40  stm32f10x_dma.o(.text)
    DMA_ClearFlag                            0x0800ac71   Thumb Code    22  stm32f10x_dma.o(.text)
    DMA_GetITStatus                          0x0800ac87   Thumb Code    40  stm32f10x_dma.o(.text)
    DMA_ClearITPendingBit                    0x0800acaf   Thumb Code    22  stm32f10x_dma.o(.text)
    SDIO_DeInit                              0x0800accd   Thumb Code    28  stm32f10x_sdio.o(.text)
    SDIO_Init                                0x0800ace9   Thumb Code    42  stm32f10x_sdio.o(.text)
    SDIO_StructInit                          0x0800ad13   Thumb Code    16  stm32f10x_sdio.o(.text)
    SDIO_ClockCmd                            0x0800ad23   Thumb Code     6  stm32f10x_sdio.o(.text)
    SDIO_SetPowerState                       0x0800ad29   Thumb Code    22  stm32f10x_sdio.o(.text)
    SDIO_GetPowerState                       0x0800ad3f   Thumb Code    10  stm32f10x_sdio.o(.text)
    SDIO_ITConfig                            0x0800ad49   Thumb Code    26  stm32f10x_sdio.o(.text)
    SDIO_DMACmd                              0x0800ad63   Thumb Code     6  stm32f10x_sdio.o(.text)
    SDIO_SendCommand                         0x0800ad69   Thumb Code    38  stm32f10x_sdio.o(.text)
    SDIO_CmdStructInit                       0x0800ad8f   Thumb Code    14  stm32f10x_sdio.o(.text)
    SDIO_GetCommandResponse                  0x0800ad9d   Thumb Code     8  stm32f10x_sdio.o(.text)
    SDIO_GetResponse                         0x0800ada5   Thumb Code    22  stm32f10x_sdio.o(.text)
    SDIO_DataConfig                          0x0800adbb   Thumb Code    42  stm32f10x_sdio.o(.text)
    SDIO_DataStructInit                      0x0800ade5   Thumb Code    20  stm32f10x_sdio.o(.text)
    SDIO_GetDataCounter                      0x0800adf9   Thumb Code     6  stm32f10x_sdio.o(.text)
    SDIO_ReadData                            0x0800adff   Thumb Code     8  stm32f10x_sdio.o(.text)
    SDIO_WriteData                           0x0800ae07   Thumb Code     8  stm32f10x_sdio.o(.text)
    SDIO_GetFIFOCount                        0x0800ae0f   Thumb Code     6  stm32f10x_sdio.o(.text)
    SDIO_StartSDIOReadWait                   0x0800ae15   Thumb Code     8  stm32f10x_sdio.o(.text)
    SDIO_StopSDIOReadWait                    0x0800ae1d   Thumb Code     8  stm32f10x_sdio.o(.text)
    SDIO_SetSDIOReadWaitMode                 0x0800ae25   Thumb Code     8  stm32f10x_sdio.o(.text)
    SDIO_SetSDIOOperation                    0x0800ae2d   Thumb Code     8  stm32f10x_sdio.o(.text)
    SDIO_SendSDIOSuspendCmd                  0x0800ae35   Thumb Code     6  stm32f10x_sdio.o(.text)
    SDIO_CommandCompletionCmd                0x0800ae3b   Thumb Code     8  stm32f10x_sdio.o(.text)
    SDIO_CEATAITCmd                          0x0800ae43   Thumb Code    12  stm32f10x_sdio.o(.text)
    SDIO_SendCEATACmd                        0x0800ae4f   Thumb Code     8  stm32f10x_sdio.o(.text)
    SDIO_GetFlagStatus                       0x0800ae57   Thumb Code    20  stm32f10x_sdio.o(.text)
    SDIO_ClearFlag                           0x0800ae6b   Thumb Code     6  stm32f10x_sdio.o(.text)
    SDIO_GetITStatus                         0x0800ae71   Thumb Code    20  stm32f10x_sdio.o(.text)
    SDIO_ClearITPendingBit                   0x0800ae85   Thumb Code     6  stm32f10x_sdio.o(.text)
    usmart_sys_cmd_exe                       0x0800aea1   Thumb Code  1570  usmart.o(.text)
    TIM2_IRQHandler                          0x0800b4c3   Thumb Code    28  usmart.o(.text)
    Timer2_Init                              0x0800b4df   Thumb Code    98  usmart.o(.text)
    usmart_init                              0x0800b541   Thumb Code    36  usmart.o(.text)
    usmart_cmd_rec                           0x0800b565   Thumb Code   170  usmart.o(.text)
    usmart_exe                               0x0800b60f   Thumb Code   708  usmart.o(.text)
    usmart_scan                              0x0800b8d3   Thumb Code   120  usmart.o(.text)
    read_addr                                0x0800b94b   Thumb Code     6  usmart.o(.text)
    write_addr                               0x0800b951   Thumb Code     4  usmart.o(.text)
    usmart_strcmp                            0x0800b9ad   Thumb Code    34  usmart_str.o(.text)
    usmart_strcopy                           0x0800b9cf   Thumb Code    22  usmart_str.o(.text)
    usmart_strlen                            0x0800b9e5   Thumb Code    24  usmart_str.o(.text)
    usmart_pow                               0x0800b9fd   Thumb Code    22  usmart_str.o(.text)
    usmart_str2num                           0x0800ba13   Thumb Code   202  usmart_str.o(.text)
    usmart_get_cmdname                       0x0800badd   Thumb Code    54  usmart_str.o(.text)
    usmart_search_nextc                      0x0800bb13   Thumb Code    20  usmart_str.o(.text)
    usmart_get_fname                         0x0800bb27   Thumb Code   430  usmart_str.o(.text)
    usmart_get_aparm                         0x0800bcd5   Thumb Code   188  usmart_str.o(.text)
    usmart_get_parmpos                       0x0800bd91   Thumb Code    26  usmart_str.o(.text)
    usmart_get_fparam                        0x0800bdab   Thumb Code   262  usmart_str.o(.text)
    mymemcpy                                 0x0800bebd   Thumb Code    26  malloc.o(.text)
    mymemset                                 0x0800bed7   Thumb Code    20  malloc.o(.text)
    my_mem_init                              0x0800beeb   Thumb Code    54  malloc.o(.text)
    my_mem_perused                           0x0800bf21   Thumb Code    54  malloc.o(.text)
    my_mem_malloc                            0x0800bf57   Thumb Code   154  malloc.o(.text)
    my_mem_free                              0x0800bff1   Thumb Code    94  malloc.o(.text)
    myfree                                   0x0800c04f   Thumb Code    32  malloc.o(.text)
    mymalloc                                 0x0800c06f   Thumb Code    36  malloc.o(.text)
    myrealloc                                0x0800c093   Thumb Code    68  malloc.o(.text)
    disk_status                              0x0800c0e9   Thumb Code     6  diskio.o(.text)
    disk_initialize                          0x0800c0ef   Thumb Code    52  diskio.o(.text)
    disk_read                                0x0800c123   Thumb Code   122  diskio.o(.text)
    disk_write                               0x0800c19d   Thumb Code   122  diskio.o(.text)
    disk_ioctl                               0x0800c217   Thumb Code   170  diskio.o(.text)
    get_fattime                              0x0800c2c1   Thumb Code     4  diskio.o(.text)
    ff_memalloc                              0x0800c2c5   Thumb Code    14  diskio.o(.text)
    ff_memfree                               0x0800c2d3   Thumb Code    14  diskio.o(.text)
    clust2sect                               0x0800c49f   Thumb Code    26  ff.o(.text)
    get_fat                                  0x0800c4b9   Thumb Code   242  ff.o(.text)
    put_fat                                  0x0800c5ab   Thumb Code   322  ff.o(.text)
    dir_sdi                                  0x0800c861   Thumb Code   158  ff.o(.text)
    f_mount                                  0x0800d8eb   Thumb Code    86  ff.o(.text)
    f_open                                   0x0800d941   Thumb Code   384  ff.o(.text)
    f_read                                   0x0800dac1   Thumb Code   450  ff.o(.text)
    f_write                                  0x0800dc83   Thumb Code   490  ff.o(.text)
    f_sync                                   0x0800de6d   Thumb Code   176  ff.o(.text)
    f_close                                  0x0800df1d   Thumb Code    32  ff.o(.text)
    f_lseek                                  0x0800df3d   Thumb Code   684  ff.o(.text)
    f_opendir                                0x0800e1e9   Thumb Code   136  ff.o(.text)
    f_closedir                               0x0800e271   Thumb Code    22  ff.o(.text)
    f_readdir                                0x0800e287   Thumb Code   114  ff.o(.text)
    f_stat                                   0x0800e2f9   Thumb Code    84  ff.o(.text)
    f_getfree                                0x0800e34d   Thumb Code   258  ff.o(.text)
    f_truncate                               0x0800e44f   Thumb Code   184  ff.o(.text)
    f_unlink                                 0x0800e507   Thumb Code   190  ff.o(.text)
    f_mkdir                                  0x0800e5c5   Thumb Code   380  ff.o(.text)
    f_chmod                                  0x0800e741   Thumb Code   112  ff.o(.text)
    f_rename                                 0x0800e7b1   Thumb Code   290  ff.o(.text)
    f_utime                                  0x0800e8d3   Thumb Code   110  ff.o(.text)
    f_getlabel                               0x0800e941   Thumb Code   190  ff.o(.text)
    f_setlabel                               0x0800e9ff   Thumb Code   482  ff.o(.text)
    f_mkfs                                   0x0800ebe1   Thumb Code  1578  ff.o(.text)
    f_gets                                   0x0800f20b   Thumb Code    82  ff.o(.text)
    f_putc                                   0x0800f2a1   Thumb Code    64  ff.o(.text)
    f_puts                                   0x0800f2e1   Thumb Code    74  ff.o(.text)
    f_printf                                 0x0800f32b   Thumb Code   674  ff.o(.text)
    exfuns_init                              0x0800f5cd   Thumb Code   114  exfuns.o(.text)
    char_upper                               0x0800f63f   Thumb Code    26  exfuns.o(.text)
    f_typetell                               0x0800f659   Thumb Code   188  exfuns.o(.text)
    exf_getfree                              0x0800f715   Thumb Code    74  exfuns.o(.text)
    ff_convert                               0x0800f775   Thumb Code   146  mycc936.o(.text)
    ff_wtoupper                              0x0800f807   Thumb Code    46  mycc936.o(.text)
    fupd_prog                                0x0800f841   Thumb Code   134  fontupd.o(.text)
    updata_fontx                             0x0800f8c7   Thumb Code   346  fontupd.o(.text)
    update_font                              0x0800fa21   Thumb Code   880  fontupd.o(.text)
    font_init                                0x0800fd91   Thumb Code    72  fontupd.o(.text)
    Get_HzMat                                0x0800fe19   Thumb Code   220  text.o(.text)
    Show_Font                                0x0800fef5   Thumb Code   190  text.o(.text)
    Show_Str                                 0x0800ffb3   Thumb Code   192  text.o(.text)
    Show_Str_Mid                             0x08010073   Thumb Code   106  text.o(.text)
    stdbmp_decode                            0x080100ed   Thumb Code   712  bmp.o(.text)
    minibmp_decode                           0x080103b5   Thumb Code   976  bmp.o(.text)
    bmp_encode                               0x08010785   Thumb Code   500  bmp.o(.text)
    gif_check_head                           0x08010979   Thumb Code    88  gif.o(.text)
    gif_getrgb565                            0x080109d1   Thumb Code    28  gif.o(.text)
    gif_readcolortbl                         0x080109ed   Thumb Code    64  gif.o(.text)
    gif_getinfo                              0x08010a2d   Thumb Code    70  gif.o(.text)
    gif_savegctbl                            0x08010a73   Thumb Code    38  gif.o(.text)
    gif_recovergctbl                         0x08010a99   Thumb Code    38  gif.o(.text)
    gif_initlzw                              0x08010abf   Thumb Code   152  gif.o(.text)
    gif_getdatablock                         0x08010b57   Thumb Code    96  gif.o(.text)
    gif_readextension                        0x08010bb7   Thumb Code   160  gif.o(.text)
    gif_getnextcode                          0x08010c57   Thumb Code   452  gif.o(.text)
    gif_getnextbyte                          0x08010e1b   Thumb Code   856  gif.o(.text)
    gif_dispimage                            0x08011173   Thumb Code   544  gif.o(.text)
    gif_clear2bkcolor                        0x08011393   Thumb Code   496  gif.o(.text)
    gif_drawimage                            0x08011583   Thumb Code   352  gif.o(.text)
    gif_quit                                 0x080116e3   Thumb Code     8  gif.o(.text)
    gif_decode                               0x080116eb   Thumb Code   296  gif.o(.text)
    piclib_draw_hline                        0x08011819   Thumb Code    52  piclib.o(.text)
    piclib_fill_color                        0x0801184d   Thumb Code    44  piclib.o(.text)
    piclib_init                              0x08011879   Thumb Code    62  piclib.o(.text)
    piclib_alpha_blend                       0x080118b7   Thumb Code    42  piclib.o(.text)
    ai_draw_init                             0x080118e1   Thumb Code   264  piclib.o(.text)
    is_element_ok                            0x080119e9   Thumb Code    36  piclib.o(.text)
    ai_load_picfile                          0x08011a0d   Thumb Code   194  piclib.o(.text)
    pic_memalloc                             0x08011acf   Thumb Code    14  piclib.o(.text)
    pic_memfree                              0x08011add   Thumb Code    14  piclib.o(.text)
    jd_prepare                               0x080126a9   Thumb Code   924  tjpgd.o(.text)
    jd_decomp                                0x08012a45   Thumb Code   162  tjpgd.o(.text)
    jpeg_mallocall                           0x08012ae7   Thumb Code    70  tjpgd.o(.text)
    jpeg_freeall                             0x08012b2d   Thumb Code    28  tjpgd.o(.text)
    jpeg_in_func                             0x08012b49   Thumb Code    48  tjpgd.o(.text)
    jpeg_out_func_fill                       0x08012b79   Thumb Code    74  tjpgd.o(.text)
    jpeg_out_func_point                      0x08012bc3   Thumb Code   182  tjpgd.o(.text)
    jpg_decode                               0x08012c79   Thumb Code   234  tjpgd.o(.text)
    __use_no_semihosting                     0x08012d79   Thumb Code     2  use_no_semi_2.o(.text)
    __aeabi_ldivmod                          0x08012d7b   Thumb Code     0  llsdiv.o(.text)
    _ll_sdiv                                 0x08012d7b   Thumb Code    72  llsdiv.o(.text)
    __2printf                                0x08012dc5   Thumb Code    20  noretval__2printf.o(.text)
    __2sprintf                               0x08012ddd   Thumb Code    34  noretval__2sprintf.o(.text)
    _printf_pre_padding                      0x08012e05   Thumb Code    44  _printf_pad.o(.text)
    _printf_post_padding                     0x08012e31   Thumb Code    34  _printf_pad.o(.text)
    _printf_str                              0x08012e53   Thumb Code    82  _printf_str.o(.text)
    _printf_int_dec                          0x08012ea5   Thumb Code   104  _printf_dec.o(.text)
    _printf_int_hex                          0x08012f1d   Thumb Code    84  _printf_hex_int.o(.text)
    _printf_longlong_hex                     0x08012f1d   Thumb Code     0  _printf_hex_int.o(.text)
    __printf                                 0x08012f75   Thumb Code   388  __printf_flags_ss_wp.o(.text)
    strcpy                                   0x080130fd   Thumb Code    72  strcpy.o(.text)
    strlen                                   0x08013145   Thumb Code    62  strlen.o(.text)
    strcat                                   0x08013183   Thumb Code    24  strcat.o(.text)
    __aeabi_memcpy                           0x0801319b   Thumb Code     0  rt_memcpy_v6.o(.text)
    __rt_memcpy                              0x0801319b   Thumb Code   138  rt_memcpy_v6.o(.text)
    _memcpy_lastbytes                        0x08013201   Thumb Code     0  rt_memcpy_v6.o(.text)
    strcmp                                   0x08013225   Thumb Code   128  strcmpv7m.o(.text)
    __use_two_region_memory                  0x080132a5   Thumb Code     2  heapauxi.o(.text)
    __rt_heap_escrow$2region                 0x080132a7   Thumb Code     2  heapauxi.o(.text)
    __rt_heap_expand$2region                 0x080132a9   Thumb Code     2  heapauxi.o(.text)
    __I$use$semihosting                      0x080132ab   Thumb Code     0  use_no_semi.o(.text)
    __use_no_semihosting_swi                 0x080132ab   Thumb Code     2  use_no_semi.o(.text)
    __aeabi_uldivmod                         0x080132ad   Thumb Code     0  lludivv7m.o(.text)
    _ll_udiv                                 0x080132ad   Thumb Code   238  lludivv7m.o(.text)
    __read_errno                             0x0801339b   Thumb Code    10  _rserrno.o(.text)
    __set_errno                              0x080133a5   Thumb Code    12  _rserrno.o(.text)
    _printf_int_common                       0x080133b1   Thumb Code   178  _printf_intcommon.o(.text)
    _printf_char_common                      0x0801346f   Thumb Code    32  _printf_char_common.o(.text)
    _sputc                                   0x08013495   Thumb Code    10  _sputc.o(.text)
    _printf_cs_common                        0x0801349f   Thumb Code    20  _printf_char.o(.text)
    _printf_char                             0x080134b3   Thumb Code    16  _printf_char.o(.text)
    _printf_string                           0x080134c3   Thumb Code     8  _printf_char.o(.text)
    _printf_char_file                        0x080134cd   Thumb Code    32  _printf_char_file.o(.text)
    __aeabi_memcpy4                          0x080134f1   Thumb Code     0  rt_memcpy_w.o(.text)
    __aeabi_memcpy8                          0x080134f1   Thumb Code     0  rt_memcpy_w.o(.text)
    __rt_memcpy_w                            0x080134f1   Thumb Code   100  rt_memcpy_w.o(.text)
    _memcpy_lastbytes_aligned                0x08013539   Thumb Code     0  rt_memcpy_w.o(.text)
    __aeabi_errno_addr                       0x08013555   Thumb Code     8  rt_errno_addr_intlibspace.o(.text)
    __errno$intlibspace                      0x08013555   Thumb Code     0  rt_errno_addr_intlibspace.o(.text)
    __rt_errno_addr$intlibspace              0x08013555   Thumb Code     0  rt_errno_addr_intlibspace.o(.text)
    ferror                                   0x0801355d   Thumb Code     8  ferror.o(.text)
    __user_libspace                          0x08013565   Thumb Code     8  libspace.o(.text)
    __user_perproc_libspace                  0x08013565   Thumb Code     0  libspace.o(.text)
    __user_perthread_libspace                0x08013565   Thumb Code     0  libspace.o(.text)
    __user_setup_stackheap                   0x0801356d   Thumb Code    74  sys_stackheap_outer.o(.text)
    exit                                     0x080135b7   Thumb Code    18  exit.o(.text)
    _is_digit                                0x080135c9   Thumb Code    14  __printf_wp.o(i._is_digit)
    sqrt                                     0x080135d7   Thumb Code    76  sqrt.o(i.sqrt)
    __aeabi_d2f                              0x08013625   Thumb Code     0  d2f.o(x$fpl$d2f)
    _d2f                                     0x08013625   Thumb Code    98  d2f.o(x$fpl$d2f)
    __aeabi_dadd                             0x08013689   Thumb Code     0  daddsub_clz.o(x$fpl$dadd)
    _dadd                                    0x08013689   Thumb Code   332  daddsub_clz.o(x$fpl$dadd)
    __fpl_dcmp_Inf                           0x080137d9   Thumb Code    24  dcmpi.o(x$fpl$dcmpinf)
    __aeabi_d2uiz                            0x080137f1   Thumb Code     0  dfixu.o(x$fpl$dfixu)
    _dfixu                                   0x080137f1   Thumb Code    90  dfixu.o(x$fpl$dfixu)
    __aeabi_i2d                              0x0801384b   Thumb Code     0  dflt_clz.o(x$fpl$dflt)
    _dflt                                    0x0801384b   Thumb Code    46  dflt_clz.o(x$fpl$dflt)
    __aeabi_ui2d                             0x08013879   Thumb Code     0  dflt_clz.o(x$fpl$dfltu)
    _dfltu                                   0x08013879   Thumb Code    38  dflt_clz.o(x$fpl$dfltu)
    __aeabi_cdcmple                          0x080138a1   Thumb Code     0  dleqf.o(x$fpl$dleqf)
    _dcmple                                  0x080138a1   Thumb Code   120  dleqf.o(x$fpl$dleqf)
    __fpl_dcmple_InfNaN                      0x08013903   Thumb Code     0  dleqf.o(x$fpl$dleqf)
    __aeabi_dmul                             0x08013919   Thumb Code     0  dmul.o(x$fpl$dmul)
    _dmul                                    0x08013919   Thumb Code   332  dmul.o(x$fpl$dmul)
    __fpl_dnaninf                            0x08013a6d   Thumb Code   156  dnaninf.o(x$fpl$dnaninf)
    __fpl_dretinf                            0x08013b09   Thumb Code    12  dretinf.o(x$fpl$dretinf)
    __aeabi_cdrcmple                         0x08013b15   Thumb Code     0  drleqf.o(x$fpl$drleqf)
    _drcmple                                 0x08013b15   Thumb Code   108  drleqf.o(x$fpl$drleqf)
    __aeabi_drsub                            0x08013b81   Thumb Code     0  daddsub_clz.o(x$fpl$drsb)
    _drsb                                    0x08013b81   Thumb Code    22  daddsub_clz.o(x$fpl$drsb)
    _dsqrt                                   0x08013b99   Thumb Code   456  dsqrt_noumaal.o(x$fpl$dsqrt)
    __aeabi_dsub                             0x08013d65   Thumb Code     0  daddsub_clz.o(x$fpl$dsub)
    _dsub                                    0x08013d65   Thumb Code   464  daddsub_clz.o(x$fpl$dsub)
    __aeabi_f2d                              0x08013f39   Thumb Code     0  f2d.o(x$fpl$f2d)
    _f2d                                     0x08013f39   Thumb Code    86  f2d.o(x$fpl$f2d)
    __aeabi_fadd                             0x08013f91   Thumb Code     0  faddsub_clz.o(x$fpl$fadd)
    _fadd                                    0x08013f91   Thumb Code   196  faddsub_clz.o(x$fpl$fadd)
    __fpl_fcmp_Inf                           0x08014055   Thumb Code    24  fcmpi.o(x$fpl$fcmpinf)
    __aeabi_fdiv                             0x0801406d   Thumb Code     0  fdiv.o(x$fpl$fdiv)
    _fdiv                                    0x0801406d   Thumb Code   384  fdiv.o(x$fpl$fdiv)
    __aeabi_cfcmpeq                          0x080141f1   Thumb Code     0  feqf.o(x$fpl$feqf)
    _fcmpeq                                  0x080141f1   Thumb Code   104  feqf.o(x$fpl$feqf)
    __aeabi_f2iz                             0x08014259   Thumb Code     0  ffix.o(x$fpl$ffix)
    _ffix                                    0x08014259   Thumb Code    54  ffix.o(x$fpl$ffix)
    __aeabi_f2uiz                            0x08014291   Thumb Code     0  ffixu.o(x$fpl$ffixu)
    _ffixu                                   0x08014291   Thumb Code    62  ffixu.o(x$fpl$ffixu)
    __aeabi_i2f                              0x080142d1   Thumb Code     0  fflt_clz.o(x$fpl$fflt)
    _fflt                                    0x080142d1   Thumb Code    48  fflt_clz.o(x$fpl$fflt)
    __aeabi_ui2f                             0x08014301   Thumb Code     0  fflt_clz.o(x$fpl$ffltu)
    _ffltu                                   0x08014301   Thumb Code    38  fflt_clz.o(x$fpl$ffltu)
    __aeabi_cfcmple                          0x08014329   Thumb Code     0  fleqf.o(x$fpl$fleqf)
    _fcmple                                  0x08014329   Thumb Code   104  fleqf.o(x$fpl$fleqf)
    __fpl_fcmple_InfNaN                      0x0801437b   Thumb Code     0  fleqf.o(x$fpl$fleqf)
    __aeabi_fmul                             0x08014391   Thumb Code     0  fmul.o(x$fpl$fmul)
    _fmul                                    0x08014391   Thumb Code   258  fmul.o(x$fpl$fmul)
    __fpl_fnaninf                            0x08014493   Thumb Code   140  fnaninf.o(x$fpl$fnaninf)
    __fpl_fretinf                            0x0801451f   Thumb Code    10  fretinf.o(x$fpl$fretinf)
    __aeabi_cfrcmple                         0x08014529   Thumb Code     0  frleqf.o(x$fpl$frleqf)
    _frcmple                                 0x08014529   Thumb Code    98  frleqf.o(x$fpl$frleqf)
    __aeabi_fsub                             0x0801458d   Thumb Code     0  faddsub_clz.o(x$fpl$fsub)
    _fsub                                    0x0801458d   Thumb Code   234  faddsub_clz.o(x$fpl$fsub)
    __I$use$fp                               0x08014676   Number         0  usenofp.o(x$fpl$usenofp)
    asc2_1206                                0x08014676   Data        1140  lcd.o(.constdata)
    asc2_1608                                0x08014aea   Data        1520  lcd.o(.constdata)
    ov7670_init_reg_tbl_RGB565               0x080150da   Data         342  ov7670.o(.constdata)
    ov7670_init_reg_tbl_YUV                  0x08015230   Data         348  ov7670.o(.constdata)
    TP_REMIND_MSG_TBL                        0x0801538c   Data           4  touch.o(.constdata)
    OTT_TPX_TBL                              0x08015390   Data          10  ott2001a.o(.constdata)
    FT5206_TPX_TBL                           0x0801539a   Data          10  ft5206.o(.constdata)
    GT9147_CFG_TBL                           0x080153a4   Data         184  gt9147.o(.constdata)
    GT9147_TPX_TBL                           0x0801545c   Data          10  gt9147.o(.constdata)
    memtblsize                               0x08015468   Data           8  malloc.o(.constdata)
    memblksize                               0x08015470   Data           8  malloc.o(.constdata)
    memsize                                  0x08015478   Data           8  malloc.o(.constdata)
    FILE_TYPE_TBL                            0x080154bc   Data         312  exfuns.o(.constdata)
    GBK24_PATH                               0x080159b4   Data           4  fontupd.o(.constdata)
    GBK16_PATH                               0x080159b8   Data           4  fontupd.o(.constdata)
    GBK12_PATH                               0x080159bc   Data           4  fontupd.o(.constdata)
    UNIGBK_PATH                              0x080159c0   Data           4  fontupd.o(.constdata)
    _aMaskTbl                                0x080159c4   Data          32  gif.o(.constdata)
    _aInterlaceOffset                        0x080159e4   Data           4  gif.o(.constdata)
    _aInterlaceYPos                          0x080159e8   Data           4  gif.o(.constdata)
    Region$$Table$$Base                      0x08016378   Number         0  anon$$obj.o(Region$$Table)
    Region$$Table$$Limit                     0x08016398   Number         0  anon$$obj.o(Region$$Table)
    Intervals                                0x20000000   Data           4  main.o(.data)
    color_r                                  0x20000004   Data           2  main.o(.data)
    color_g                                  0x20000006   Data           2  main.o(.data)
    color_b                                  0x20000008   Data           2  main.o(.data)
    SystemCoreClock                          0x2000000c   Data           4  system_stm32f10x.o(.data)
    AHBPrescTable                            0x20000010   Data          16  system_stm32f10x.o(.data)
    POINT_COLOR                              0x20000022   Data           2  lcd.o(.data)
    BACK_COLOR                               0x20000024   Data           2  lcd.o(.data)
    camera_flag                              0x20000026   Data           1  exti.o(.data)
    picture_flag                             0x20000027   Data           1  exti.o(.data)
    ov_sta                                   0x20000028   Data           1  exti.o(.data)
    Intervals_ms                             0x2000002c   Data           4  timer.o(.data)
    Intervals_s                              0x20000030   Data           1  timer.o(.data)
    TIM5CH1_CAPTURE_STA                      0x20000031   Data           1  timer.o(.data)
    TIM5CH1_CAPTURE_VAL                      0x20000032   Data           2  timer.o(.data)
    ov_frame                                 0x20000034   Data           1  timer.o(.data)
    W25QXX_TYPE                              0x20000036   Data           2  w25qxx.o(.data)
    TransferError                            0x20000042   Data           1  sdio_sdcard.o(.data)
    TransferEnd                              0x20000043   Data           1  sdio_sdcard.o(.data)
    tempbuff                                 0x20000044   Data           4  sdio_sdcard.o(.data)
    tp_dev                                   0x20000048   Data          52  touch.o(.data)
    CMD_RDX                                  0x2000007c   Data           1  touch.o(.data)
    CMD_RDY                                  0x2000007d   Data           1  touch.o(.data)
    __stdout                                 0x20000088   Data           4  usart.o(.data)
    USART_RX_STA                             0x2000008c   Data           2  usart.o(.data)
    sys_cmd_tab                              0x200000a4   Data          24  usmart.o(.data)
    usmart_nametab                           0x200000bc   Data         112  usmart_config.o(.data)
    usmart_dev                               0x2000012c   Data         236  usmart_config.o(.data)
    mallco_dev                               0x20000218   Data          28  malloc.o(.data)
    FLASH_SECTOR_COUNT                       0x20000234   Data           2  diskio.o(.data)
    fs                                       0x20000244   Data           8  exfuns.o(.data)
    file                                     0x2000024c   Data           4  exfuns.o(.data)
    ftemp                                    0x20000250   Data           4  exfuns.o(.data)
    br                                       0x20000254   Data           4  exfuns.o(.data)
    bw                                       0x20000258   Data           4  exfuns.o(.data)
    fatbuf                                   0x2000025c   Data           4  exfuns.o(.data)
    gifdecoding                              0x20000260   Data           1  gif.o(.data)
    f_jpeg                                   0x20000264   Data           4  tjpgd.o(.data)
    jpeg_dev                                 0x20000268   Data           4  tjpgd.o(.data)
    jpg_buffer                               0x2000026c   Data           4  tjpgd.o(.data)
    lcddev                                   0x20000270   Data          10  lcd.o(.bss)
    TIM5_ICInitStructure                     0x2000027a   Data          10  timer.o(.bss)
    ov7670_config                            0x20000284   Data          10  ov7670.o(.bss)
    W25QXX_BUFFER                            0x2000028e   Data        4096  w25qxx.o(.bss)
    SDIO_InitStructure                       0x20001290   Data          24  sdio_sdcard.o(.bss)
    SDIO_CmdInitStructure                    0x200012a8   Data          20  sdio_sdcard.o(.bss)
    SDIO_DataInitStructure                   0x200012bc   Data          24  sdio_sdcard.o(.bss)
    SDCardInfo                               0x200012f8   Data          88  sdio_sdcard.o(.bss)
    SDIO_DATA_BUFFER                         0x20001350   Data         512  sdio_sdcard.o(.bss)
    USART_RX_BUF                             0x20001550   Data         200  usart.o(.bss)
    mem1base                                 0x20001620   Data       40960  malloc.o(.bss)
    mem1mapbase                              0x2000b620   Data        2560  malloc.o(.bss)
    ftinfo                                   0x2000c020   Data          33  fontupd.o(.bss)
    picinfo                                  0x2000c044   Data          40  piclib.o(.bss)
    pic_phy                                  0x2000c06c   Data          20  piclib.o(.bss)
    __libspace_start                         0x2000c080   Data          96  libspace.o(.bss)
    __temporary_stack_top$libspace           0x2000c0e0   Data           0  libspace.o(.bss)
    mem2base                                 0x68000000   Data       983040  malloc.o(.ARM.__AT_0x68000000)
    mem2mapbase                              0x680f0000   Data       61440  malloc.o(.ARM.__AT_0x680F0000)



==============================================================================

Memory Map of the image

  Image Entry point : 0x08000131

  Load Region LR_IROM1 (Base: 0x08000000, Size: 0x00016608, Max: 0x00080000, ABSOLUTE, COMPRESSED[0x00016470])

    Execution Region ER_IROM1 (Base: 0x08000000, Size: 0x00016398, Max: 0x00080000, ABSOLUTE)

    Base Addr    Size         Type   Attr      Idx    E Section Name        Object

    0x08000000   0x00000130   Data   RO          627    RESET               startup_stm32f10x_hd.o
    0x08000130   0x00000008   Code   RO         1105  * !!!main             c_w.l(__main.o)
    0x08000138   0x00000034   Code   RO         1381    !!!scatter          c_w.l(__scatter.o)
    0x0800016c   0x0000005a   Code   RO         1379    !!dczerorl2         c_w.l(__dczerorl2.o)
    0x080001c6   0x00000002   PAD
    0x080001c8   0x0000001c   Code   RO         1383    !!handler_zi        c_w.l(__scatter_zi.o)
    0x080001e4   0x00000000   Code   RO         1092    .ARM.Collect$$_printf_percent$$00000000  c_w.l(_printf_percent.o)
    0x080001e4   0x00000006   Code   RO         1090    .ARM.Collect$$_printf_percent$$00000009  c_w.l(_printf_d.o)
    0x080001ea   0x00000006   Code   RO         1091    .ARM.Collect$$_printf_percent$$0000000A  c_w.l(_printf_u.o)
    0x080001f0   0x00000006   Code   RO         1089    .ARM.Collect$$_printf_percent$$0000000C  c_w.l(_printf_x.o)
    0x080001f6   0x00000006   Code   RO         1087    .ARM.Collect$$_printf_percent$$00000013  c_w.l(_printf_c.o)
    0x080001fc   0x00000006   Code   RO         1088    .ARM.Collect$$_printf_percent$$00000014  c_w.l(_printf_s.o)
    0x08000202   0x00000004   Code   RO         1190    .ARM.Collect$$_printf_percent$$00000017  c_w.l(_printf_percent_end.o)
    0x08000206   0x00000002   Code   RO         1252    .ARM.Collect$$libinit$$00000000  c_w.l(libinit.o)
    0x08000208   0x00000000   Code   RO         1260    .ARM.Collect$$libinit$$00000002  c_w.l(libinit2.o)
    0x08000208   0x00000000   Code   RO         1262    .ARM.Collect$$libinit$$00000004  c_w.l(libinit2.o)
    0x08000208   0x00000000   Code   RO         1265    .ARM.Collect$$libinit$$0000000A  c_w.l(libinit2.o)
    0x08000208   0x00000000   Code   RO         1267    .ARM.Collect$$libinit$$0000000C  c_w.l(libinit2.o)
    0x08000208   0x00000000   Code   RO         1269    .ARM.Collect$$libinit$$0000000E  c_w.l(libinit2.o)
    0x08000208   0x00000000   Code   RO         1272    .ARM.Collect$$libinit$$00000011  c_w.l(libinit2.o)
    0x08000208   0x00000000   Code   RO         1274    .ARM.Collect$$libinit$$00000013  c_w.l(libinit2.o)
    0x08000208   0x00000000   Code   RO         1276    .ARM.Collect$$libinit$$00000015  c_w.l(libinit2.o)
    0x08000208   0x00000000   Code   RO         1278    .ARM.Collect$$libinit$$00000017  c_w.l(libinit2.o)
    0x08000208   0x00000000   Code   RO         1280    .ARM.Collect$$libinit$$00000019  c_w.l(libinit2.o)
    0x08000208   0x00000000   Code   RO         1282    .ARM.Collect$$libinit$$0000001B  c_w.l(libinit2.o)
    0x08000208   0x00000000   Code   RO         1284    .ARM.Collect$$libinit$$0000001D  c_w.l(libinit2.o)
    0x08000208   0x00000000   Code   RO         1286    .ARM.Collect$$libinit$$0000001F  c_w.l(libinit2.o)
    0x08000208   0x00000000   Code   RO         1288    .ARM.Collect$$libinit$$00000021  c_w.l(libinit2.o)
    0x08000208   0x00000000   Code   RO         1290    .ARM.Collect$$libinit$$00000023  c_w.l(libinit2.o)
    0x08000208   0x00000000   Code   RO         1292    .ARM.Collect$$libinit$$00000025  c_w.l(libinit2.o)
    0x08000208   0x00000000   Code   RO         1296    .ARM.Collect$$libinit$$0000002C  c_w.l(libinit2.o)
    0x08000208   0x00000000   Code   RO         1298    .ARM.Collect$$libinit$$0000002E  c_w.l(libinit2.o)
    0x08000208   0x00000000   Code   RO         1300    .ARM.Collect$$libinit$$00000030  c_w.l(libinit2.o)
    0x08000208   0x00000000   Code   RO         1302    .ARM.Collect$$libinit$$00000032  c_w.l(libinit2.o)
    0x08000208   0x00000002   Code   RO         1303    .ARM.Collect$$libinit$$00000033  c_w.l(libinit2.o)
    0x0800020a   0x00000002   Code   RO         1331    .ARM.Collect$$libshutdown$$00000000  c_w.l(libshutdown.o)
    0x0800020c   0x00000000   Code   RO         1345    .ARM.Collect$$libshutdown$$00000002  c_w.l(libshutdown2.o)
    0x0800020c   0x00000000   Code   RO         1347    .ARM.Collect$$libshutdown$$00000004  c_w.l(libshutdown2.o)
    0x0800020c   0x00000000   Code   RO         1350    .ARM.Collect$$libshutdown$$00000007  c_w.l(libshutdown2.o)
    0x0800020c   0x00000000   Code   RO         1353    .ARM.Collect$$libshutdown$$0000000A  c_w.l(libshutdown2.o)
    0x0800020c   0x00000000   Code   RO         1355    .ARM.Collect$$libshutdown$$0000000C  c_w.l(libshutdown2.o)
    0x0800020c   0x00000000   Code   RO         1358    .ARM.Collect$$libshutdown$$0000000F  c_w.l(libshutdown2.o)
    0x0800020c   0x00000002   Code   RO         1359    .ARM.Collect$$libshutdown$$00000010  c_w.l(libshutdown2.o)
    0x0800020e   0x00000000   Code   RO         1175    .ARM.Collect$$rtentry$$00000000  c_w.l(__rtentry.o)
    0x0800020e   0x00000000   Code   RO         1209    .ARM.Collect$$rtentry$$00000002  c_w.l(__rtentry2.o)
    0x0800020e   0x00000006   Code   RO         1221    .ARM.Collect$$rtentry$$00000004  c_w.l(__rtentry4.o)
    0x08000214   0x00000000   Code   RO         1211    .ARM.Collect$$rtentry$$00000009  c_w.l(__rtentry2.o)
    0x08000214   0x00000004   Code   RO         1212    .ARM.Collect$$rtentry$$0000000A  c_w.l(__rtentry2.o)
    0x08000218   0x00000000   Code   RO         1214    .ARM.Collect$$rtentry$$0000000C  c_w.l(__rtentry2.o)
    0x08000218   0x00000008   Code   RO         1215    .ARM.Collect$$rtentry$$0000000D  c_w.l(__rtentry2.o)
    0x08000220   0x00000002   Code   RO         1253    .ARM.Collect$$rtexit$$00000000  c_w.l(rtexit.o)
    0x08000222   0x00000000   Code   RO         1305    .ARM.Collect$$rtexit$$00000002  c_w.l(rtexit2.o)
    0x08000222   0x00000004   Code   RO         1306    .ARM.Collect$$rtexit$$00000003  c_w.l(rtexit2.o)
    0x08000226   0x00000006   Code   RO         1307    .ARM.Collect$$rtexit$$00000004  c_w.l(rtexit2.o)
    0x0800022c   0x00000b98   Code   RO            1    .text               main.o
    0x08000dc4   0x0000001a   Code   RO          175    .text               stm32f10x_it.o
    0x08000dde   0x00000002   PAD
    0x08000de0   0x000001e0   Code   RO          210    .text               system_stm32f10x.o
    0x08000fc0   0x00000090   Code   RO          228    .text               led.o
    0x08001050   0x0000012c   Code   RO          240    .text               key.o
    0x0800117c   0x000023c8   Code   RO          253    .text               lcd.o
    0x08003544   0x000001a0   Code   RO          298    .text               exti.o
    0x080036e4   0x0000040c   Code   RO          316    .text               timer.o
    0x08003af0   0x000003f8   Code   RO          335    .text               ov7670.o
    0x08003ee8   0x00000294   Code   RO          360    .text               sccb.o
    0x0800417c   0x00000108   Code   RO          372    .text               spi.o
    0x08004284   0x00000394   Code   RO          390    .text               w25qxx.o
    0x08004618   0x00001c30   Code   RO          409    .text               sdio_sdcard.o
    0x08006248   0x0000026c   Code   RO          441    .text               myiic.o
    0x080064b4   0x0000017a   Code   RO          456    .text               24cxx.o
    0x0800662e   0x00000002   PAD
    0x08006630   0x00001020   Code   RO          471    .text               touch.o
    0x08007650   0x00000284   Code   RO          495    .text               ctiic.o
    0x080078d4   0x0000036c   Code   RO          510    .text               ott2001a.o
    0x08007c40   0x00000338   Code   RO          526    .text               ft5206.o
    0x08007f78   0x00000458   Code   RO          545    .text               gt9147.o
    0x080083d0   0x000000d4   Code   RO          561    .text               delay.o
    0x080084a4   0x00000018   Code   RO          576    .text               sys.o
    0x080084bc   0x00000148   Code   RO          592    .text               usart.o
    0x08008604   0x00000040   Code   RO          628    .text               startup_stm32f10x_hd.o
    0x08008644   0x000000dc   Code   RO          632    .text               misc.o
    0x08008720   0x0000060c   Code   RO          644    .text               stm32f10x_fsmc.o
    0x08008d2c   0x0000035c   Code   RO          656    .text               stm32f10x_gpio.o
    0x08009088   0x000003a4   Code   RO          668    .text               stm32f10x_rcc.o
    0x0800942c   0x00000408   Code   RO          682    .text               stm32f10x_usart.o
    0x08009834   0x0000011c   Code   RO          694    .text               stm32f10x_exti.o
    0x08009950   0x00000e1a   Code   RO          706    .text               stm32f10x_tim.o
    0x0800a76a   0x00000002   PAD
    0x0800a76c   0x0000030c   Code   RO          718    .text               stm32f10x_spi.o
    0x0800aa78   0x00000254   Code   RO          730    .text               stm32f10x_dma.o
    0x0800accc   0x000001d4   Code   RO          742    .text               stm32f10x_sdio.o
    0x0800aea0   0x00000b0c   Code   RO          754    .text               usmart.o
    0x0800b9ac   0x00000510   Code   RO          783    .text               usmart_str.o
    0x0800bebc   0x0000022c   Code   RO          795    .text               malloc.o
    0x0800c0e8   0x00000200   Code   RO          817    .text               diskio.o
    0x0800c2e8   0x000032e4   Code   RO          835    .text               ff.o
    0x0800f5cc   0x000001a8   Code   RO          856    .text               exfuns.o
    0x0800f774   0x000000cc   Code   RO          896    .text               mycc936.o
    0x0800f840   0x000005d8   Code   RO          909    .text               fontupd.o
    0x0800fe18   0x000002d4   Code   RO          931    .text               text.o
    0x080100ec   0x0000088c   Code   RO          943    .text               bmp.o
    0x08010978   0x00000ea0   Code   RO          955    .text               gif.o
    0x08011818   0x000002f0   Code   RO          974    .text               piclib.o
    0x08011b08   0x00001270   Code   RO          992    .text               tjpgd.o
    0x08012d78   0x00000002   Code   RO         1026    .text               c_w.l(use_no_semi_2.o)
    0x08012d7a   0x00000048   Code   RO         1028    .text               c_w.l(llsdiv.o)
    0x08012dc2   0x00000002   PAD
    0x08012dc4   0x00000018   Code   RO         1034    .text               c_w.l(noretval__2printf.o)
    0x08012ddc   0x00000028   Code   RO         1036    .text               c_w.l(noretval__2sprintf.o)
    0x08012e04   0x0000004e   Code   RO         1040    .text               c_w.l(_printf_pad.o)
    0x08012e52   0x00000052   Code   RO         1042    .text               c_w.l(_printf_str.o)
    0x08012ea4   0x00000078   Code   RO         1044    .text               c_w.l(_printf_dec.o)
    0x08012f1c   0x00000058   Code   RO         1049    .text               c_w.l(_printf_hex_int.o)
    0x08012f74   0x00000188   Code   RO         1084    .text               c_w.l(__printf_flags_ss_wp.o)
    0x080130fc   0x00000048   Code   RO         1093    .text               c_w.l(strcpy.o)
    0x08013144   0x0000003e   Code   RO         1095    .text               c_w.l(strlen.o)
    0x08013182   0x00000018   Code   RO         1097    .text               c_w.l(strcat.o)
    0x0801319a   0x0000008a   Code   RO         1099    .text               c_w.l(rt_memcpy_v6.o)
    0x08013224   0x00000080   Code   RO         1101    .text               c_w.l(strcmpv7m.o)
    0x080132a4   0x00000006   Code   RO         1103    .text               c_w.l(heapauxi.o)
    0x080132aa   0x00000002   Code   RO         1173    .text               c_w.l(use_no_semi.o)
    0x080132ac   0x000000ee   Code   RO         1176    .text               c_w.l(lludivv7m.o)
    0x0801339a   0x00000016   Code   RO         1178    .text               c_w.l(_rserrno.o)
    0x080133b0   0x000000b2   Code   RO         1180    .text               c_w.l(_printf_intcommon.o)
    0x08013462   0x00000002   PAD
    0x08013464   0x00000030   Code   RO         1182    .text               c_w.l(_printf_char_common.o)
    0x08013494   0x0000000a   Code   RO         1184    .text               c_w.l(_sputc.o)
    0x0801349e   0x0000002c   Code   RO         1186    .text               c_w.l(_printf_char.o)
    0x080134ca   0x00000002   PAD
    0x080134cc   0x00000024   Code   RO         1188    .text               c_w.l(_printf_char_file.o)
    0x080134f0   0x00000064   Code   RO         1191    .text               c_w.l(rt_memcpy_w.o)
    0x08013554   0x00000008   Code   RO         1230    .text               c_w.l(rt_errno_addr_intlibspace.o)
    0x0801355c   0x00000008   Code   RO         1234    .text               c_w.l(ferror.o)
    0x08013564   0x00000008   Code   RO         1238    .text               c_w.l(libspace.o)
    0x0801356c   0x0000004a   Code   RO         1241    .text               c_w.l(sys_stackheap_outer.o)
    0x080135b6   0x00000012   Code   RO         1245    .text               c_w.l(exit.o)
    0x080135c8   0x0000000e   Code   RO         1077    i._is_digit         c_w.l(__printf_wp.o)
    0x080135d6   0x0000004c   Code   RO         1166    i.sqrt              m_ws.l(sqrt.o)
    0x08013622   0x00000002   PAD
    0x08013624   0x00000062   Code   RO         1107    x$fpl$d2f           fz_ws.l(d2f.o)
    0x08013686   0x00000002   PAD
    0x08013688   0x00000150   Code   RO         1109    x$fpl$dadd          fz_ws.l(daddsub_clz.o)
    0x080137d8   0x00000018   Code   RO         1193    x$fpl$dcmpinf       fz_ws.l(dcmpi.o)
    0x080137f0   0x0000005a   Code   RO         1115    x$fpl$dfixu         fz_ws.l(dfixu.o)
    0x0801384a   0x0000002e   Code   RO         1120    x$fpl$dflt          fz_ws.l(dflt_clz.o)
    0x08013878   0x00000026   Code   RO         1119    x$fpl$dfltu         fz_ws.l(dflt_clz.o)
    0x0801389e   0x00000002   PAD
    0x080138a0   0x00000078   Code   RO         1125    x$fpl$dleqf         fz_ws.l(dleqf.o)
    0x08013918   0x00000154   Code   RO         1127    x$fpl$dmul          fz_ws.l(dmul.o)
    0x08013a6c   0x0000009c   Code   RO         1195    x$fpl$dnaninf       fz_ws.l(dnaninf.o)
    0x08013b08   0x0000000c   Code   RO         1197    x$fpl$dretinf       fz_ws.l(dretinf.o)
    0x08013b14   0x0000006c   Code   RO         1129    x$fpl$drleqf        fz_ws.l(drleqf.o)
    0x08013b80   0x00000016   Code   RO         1110    x$fpl$drsb          fz_ws.l(daddsub_clz.o)
    0x08013b96   0x00000002   PAD
    0x08013b98   0x000001cc   Code   RO         1199    x$fpl$dsqrt         fz_ws.l(dsqrt_noumaal.o)
    0x08013d64   0x000001d4   Code   RO         1111    x$fpl$dsub          fz_ws.l(daddsub_clz.o)
    0x08013f38   0x00000056   Code   RO         1131    x$fpl$f2d           fz_ws.l(f2d.o)
    0x08013f8e   0x00000002   PAD
    0x08013f90   0x000000c4   Code   RO         1133    x$fpl$fadd          fz_ws.l(faddsub_clz.o)
    0x08014054   0x00000018   Code   RO         1201    x$fpl$fcmpinf       fz_ws.l(fcmpi.o)
    0x0801406c   0x00000184   Code   RO         1140    x$fpl$fdiv          fz_ws.l(fdiv.o)
    0x080141f0   0x00000068   Code   RO         1143    x$fpl$feqf          fz_ws.l(feqf.o)
    0x08014258   0x00000036   Code   RO         1145    x$fpl$ffix          fz_ws.l(ffix.o)
    0x0801428e   0x00000002   PAD
    0x08014290   0x0000003e   Code   RO         1149    x$fpl$ffixu         fz_ws.l(ffixu.o)
    0x080142ce   0x00000002   PAD
    0x080142d0   0x00000030   Code   RO         1154    x$fpl$fflt          fz_ws.l(fflt_clz.o)
    0x08014300   0x00000026   Code   RO         1153    x$fpl$ffltu         fz_ws.l(fflt_clz.o)
    0x08014326   0x00000002   PAD
    0x08014328   0x00000068   Code   RO         1159    x$fpl$fleqf         fz_ws.l(fleqf.o)
    0x08014390   0x00000102   Code   RO         1161    x$fpl$fmul          fz_ws.l(fmul.o)
    0x08014492   0x0000008c   Code   RO         1203    x$fpl$fnaninf       fz_ws.l(fnaninf.o)
    0x0801451e   0x0000000a   Code   RO         1205    x$fpl$fretinf       fz_ws.l(fretinf.o)
    0x08014528   0x00000062   Code   RO         1163    x$fpl$frleqf        fz_ws.l(frleqf.o)
    0x0801458a   0x00000002   PAD
    0x0801458c   0x000000ea   Code   RO         1135    x$fpl$fsub          fz_ws.l(faddsub_clz.o)
    0x08014676   0x00000000   Code   RO         1207    x$fpl$usenofp       fz_ws.l(usenofp.o)
    0x08014676   0x00000a64   Data   RO          255    .constdata          lcd.o
    0x080150da   0x000002b2   Data   RO          337    .constdata          ov7670.o
    0x0801538c   0x00000004   Data   RO          472    .constdata          touch.o
    0x08015390   0x0000000a   Data   RO          511    .constdata          ott2001a.o
    0x0801539a   0x0000000a   Data   RO          527    .constdata          ft5206.o
    0x080153a4   0x000000c2   Data   RO          546    .constdata          gt9147.o
    0x08015466   0x00000002   PAD
    0x08015468   0x00000018   Data   RO          799    .constdata          malloc.o
    0x08015480   0x0000003a   Data   RO          836    .constdata          ff.o
    0x080154ba   0x00000002   PAD
    0x080154bc   0x00000138   Data   RO          858    .constdata          exfuns.o
    0x080155f4   0x000003c0   Data   RO          897    .constdata          mycc936.o
    0x080159b4   0x00000010   Data   RO          911    .constdata          fontupd.o
    0x080159c4   0x00000028   Data   RO          956    .constdata          gif.o
    0x080159ec   0x000004c0   Data   RO          993    .constdata          tjpgd.o
    0x08015eac   0x00000028   Data   RO         1050    .constdata          c_w.l(_printf_hex_int.o)
    0x08015ed4   0x00000011   Data   RO         1085    .constdata          c_w.l(__printf_flags_ss_wp.o)
    0x08015ee5   0x00000003   PAD
    0x08015ee8   0x0000014e   Data   RO          473    .conststring        touch.o
    0x08016036   0x00000002   PAD
    0x08016038   0x00000020   Data   RO          755    .conststring        usmart.o
    0x08016058   0x0000025f   Data   RO          770    .conststring        usmart_config.o
    0x080162b7   0x00000001   PAD
    0x080162b8   0x00000060   Data   RO          859    .conststring        exfuns.o
    0x08016318   0x0000005f   Data   RO          912    .conststring        fontupd.o
    0x08016377   0x00000001   PAD
    0x08016378   0x00000020   Data   RO         1377    Region$$Table       anon$$obj.o


    Execution Region RW_IRAM1 (Base: 0x20000000, Size: 0x0000c6e0, Max: 0x00010000, ABSOLUTE, COMPRESSED[0x000000d8])

    Base Addr    Size         Type   Attr      Idx    E Section Name        Object

    0x20000000   0x0000000a   Data   RW            2    .data               main.o
    0x2000000a   0x00000002   PAD
    0x2000000c   0x00000014   Data   RW          211    .data               system_stm32f10x.o
    0x20000020   0x00000001   Data   RW          241    .data               key.o
    0x20000021   0x00000001   PAD
    0x20000022   0x00000004   Data   RW          256    .data               lcd.o
    0x20000026   0x00000003   Data   RW          299    .data               exti.o
    0x20000029   0x00000003   PAD
    0x2000002c   0x00000009   Data   RW          318    .data               timer.o
    0x20000035   0x00000001   PAD
    0x20000036   0x00000002   Data   RW          392    .data               w25qxx.o
    0x20000038   0x00000010   Data   RW          411    .data               sdio_sdcard.o
    0x20000048   0x00000036   Data   RW          474    .data               touch.o
    0x2000007e   0x00000001   Data   RW          512    .data               ott2001a.o
    0x2000007f   0x00000001   Data   RW          528    .data               ft5206.o
    0x20000080   0x00000001   Data   RW          547    .data               gt9147.o
    0x20000081   0x00000001   PAD
    0x20000082   0x00000004   Data   RW          562    .data               delay.o
    0x20000086   0x00000002   PAD
    0x20000088   0x00000006   Data   RW          594    .data               usart.o
    0x2000008e   0x00000014   Data   RW          669    .data               stm32f10x_rcc.o
    0x200000a2   0x00000002   PAD
    0x200000a4   0x00000018   Data   RW          756    .data               usmart.o
    0x200000bc   0x0000015c   Data   RW          771    .data               usmart_config.o
    0x20000218   0x0000001c   Data   RW          800    .data               malloc.o
    0x20000234   0x00000002   Data   RW          818    .data               diskio.o
    0x20000236   0x00000002   PAD
    0x20000238   0x0000000a   Data   RW          837    .data               ff.o
    0x20000242   0x00000002   PAD
    0x20000244   0x0000001c   Data   RW          860    .data               exfuns.o
    0x20000260   0x00000001   Data   RW          957    .data               gif.o
    0x20000261   0x00000003   PAD
    0x20000264   0x0000000c   Data   RW          994    .data               tjpgd.o
    0x20000270   0x0000000a   Zero   RW          254    .bss                lcd.o
    0x2000027a   0x0000000a   Zero   RW          317    .bss                timer.o
    0x20000284   0x0000000a   Zero   RW          336    .bss                ov7670.o
    0x2000028e   0x00001000   Zero   RW          391    .bss                w25qxx.o
    0x2000128e   0x00000002   PAD
    0x20001290   0x000002c0   Zero   RW          410    .bss                sdio_sdcard.o
    0x20001550   0x000000c8   Zero   RW          593    .bss                usart.o
    0x20001618   0x00000008   PAD
    0x20001620   0x0000aa00   Zero   RW          798    .bss                malloc.o
    0x2000c020   0x00000021   Zero   RW          910    .bss                fontupd.o
    0x2000c041   0x00000003   PAD
    0x2000c044   0x0000003c   Zero   RW          975    .bss                piclib.o
    0x2000c080   0x00000060   Zero   RW         1239    .bss                c_w.l(libspace.o)
    0x2000c0e0   0x00000200   Zero   RW          626    HEAP                startup_stm32f10x_hd.o
    0x2000c2e0   0x00000400   Zero   RW          625    STACK               startup_stm32f10x_hd.o



  Load Region LR$$.ARM.__AT_0x68000000 (Base: 0x68000000, Size: 0x00000000, Max: 0x000f0000, ABSOLUTE)

    Execution Region ER$$.ARM.__AT_0x68000000 (Base: 0x68000000, Size: 0x000f0000, Max: 0x000f0000, ABSOLUTE, UNINIT)

    Base Addr    Size         Type   Attr      Idx    E Section Name        Object

    0x68000000   0x000f0000   Zero   RW          796    .ARM.__AT_0x68000000  malloc.o



  Load Region LR$$.ARM.__AT_0x680F0000 (Base: 0x680f0000, Size: 0x00000000, Max: 0x0000f000, ABSOLUTE)

    Execution Region ER$$.ARM.__AT_0x680F0000 (Base: 0x680f0000, Size: 0x0000f000, Max: 0x0000f000, ABSOLUTE, UNINIT)

    Base Addr    Size         Type   Attr      Idx    E Section Name        Object

    0x680f0000   0x0000f000   Zero   RW          797    .ARM.__AT_0x680F0000  malloc.o


==============================================================================

Image component sizes


      Code (inc. data)   RO Data    RW Data    ZI Data      Debug   Object Name

       378          0          0          0          0       2766   24cxx.o
      2188         24          0          0          0       5202   bmp.o
       644         24          0          0          0       2033   ctiic.o
       212         18          0          4          0       1003   delay.o
       512          8          0          2          0       4250   diskio.o
       424         22        408         28          0       2692   exfuns.o
       416         34          0          3          0       1559   exti.o
     13028        144         58         10          0      38090   ff.o
      1496        160        111          0         33       4303   fontupd.o
       824         38         10          1          0       2487   ft5206.o
      3744         24         40          1          0      10178   gif.o
      1112         74        194          1          0       3014   gt9147.o
       300         22          0          1          0        989   key.o
      9160        140       2660          4         10      16436   lcd.o
       144         18          0          0          0        633   led.o
      2968        522          0         10          0     271958   main.o
       556         18         24         28    1088000       4624   malloc.o
       220         22          0          0          0       1761   misc.o
       204         12        960          0          0       1577   mycc936.o
       620         14          0          0          0       1864   myiic.o
       876         56         10          1          0       2655   ott2001a.o
      1016         44        690          0         10       4363   ov7670.o
       752         30          0          0         60       4563   piclib.o
       660         24          0          0          0       2035   sccb.o
      7216        256          0         16        704      43748   sdio_sdcard.o
       264         10          0          0          0       8001   spi.o
        64         26        304          0       1536        780   startup_stm32f10x_hd.o
       596          8          0          0          0       4326   stm32f10x_dma.o
       284         10          0          0          0       2219   stm32f10x_exti.o
      1548         18          0          0          0       5343   stm32f10x_fsmc.o
       860         38          0          0          0       5697   stm32f10x_gpio.o
        26          0          0          0          0       1162   stm32f10x_it.o
       932         36          0         20          0       8860   stm32f10x_rcc.o
       468         22          0          0          0       7084   stm32f10x_sdio.o
       780         14          0          0          0       6578   stm32f10x_spi.o
      3610         88          0          0          0      22804   stm32f10x_tim.o
      1032         22          0          0          0       8420   stm32f10x_usart.o
        24          0          0          0          0        782   sys.o
       480         38          0         20          0       1683   system_stm32f10x.o
       724         16          0          0          0       3084   text.o
      1036         86          0          9         10       3213   timer.o
      4720         72       1216         12          0      17347   tjpgd.o
      4128        234        338         54          0       7398   touch.o
       328         18          0          6        200       3126   usart.o
      2828       1156         32         24          0       3966   usmart.o
         0          0        607        348          0       1540   usmart_config.o
      1296         12          0          0          0       5165   usmart_str.o
       916         38          0          2       4096       4461   w25qxx.o

    ----------------------------------------------------------------------
     76620       3710       7702        624    1094672     567822   Object Totals
         0          0         32          0          0          0   (incl. Generated)
         6          0          8         19         13          0   (incl. Padding)

    ----------------------------------------------------------------------

      Code (inc. data)   RO Data    RW Data    ZI Data      Debug   Library Member Name

        90          0          0          0          0          0   __dczerorl2.o
         8          0          0          0          0         68   __main.o
       392          4         17          0          0         92   __printf_flags_ss_wp.o
        14          0          0          0          0         68   __printf_wp.o
         0          0          0          0          0          0   __rtentry.o
        12          0          0          0          0          0   __rtentry2.o
         6          0          0          0          0          0   __rtentry4.o
        52          8          0          0          0          0   __scatter.o
        28          0          0          0          0          0   __scatter_zi.o
         6          0          0          0          0          0   _printf_c.o
        44          0          0          0          0        108   _printf_char.o
        48          6          0          0          0         96   _printf_char_common.o
        36          4          0          0          0         80   _printf_char_file.o
         6          0          0          0          0          0   _printf_d.o
       120         16          0          0          0         92   _printf_dec.o
        88          4         40          0          0         88   _printf_hex_int.o
       178          0          0          0          0         88   _printf_intcommon.o
        78          0          0          0          0        108   _printf_pad.o
         0          0          0          0          0          0   _printf_percent.o
         4          0          0          0          0          0   _printf_percent_end.o
         6          0          0          0          0          0   _printf_s.o
        82          0          0          0          0         80   _printf_str.o
         6          0          0          0          0          0   _printf_u.o
         6          0          0          0          0          0   _printf_x.o
        22          0          0          0          0        100   _rserrno.o
        10          0          0          0          0         68   _sputc.o
        18          0          0          0          0         80   exit.o
         8          0          0          0          0         68   ferror.o
         6          0          0          0          0        152   heapauxi.o
         2          0          0          0          0          0   libinit.o
         2          0          0          0          0          0   libinit2.o
         2          0          0          0          0          0   libshutdown.o
         2          0          0          0          0          0   libshutdown2.o
         8          4          0          0         96         68   libspace.o
        72          0          0          0          0         76   llsdiv.o
       238          0          0          0          0        100   lludivv7m.o
        24          4          0          0          0         84   noretval__2printf.o
        40          6          0          0          0         84   noretval__2sprintf.o
         8          4          0          0          0         68   rt_errno_addr_intlibspace.o
       138          0          0          0          0         68   rt_memcpy_v6.o
       100          0          0          0          0         80   rt_memcpy_w.o
         2          0          0          0          0          0   rtexit.o
        10          0          0          0          0          0   rtexit2.o
        24          0          0          0          0         68   strcat.o
       128          0          0          0          0         68   strcmpv7m.o
        72          0          0          0          0         80   strcpy.o
        62          0          0          0          0         76   strlen.o
        74          0          0          0          0         80   sys_stackheap_outer.o
         2          0          0          0          0         68   use_no_semi.o
         2          0          0          0          0         68   use_no_semi_2.o
        98          4          0          0          0         92   d2f.o
       826         16          0          0          0        348   daddsub_clz.o
        24          0          0          0          0         68   dcmpi.o
        90          4          0          0          0         92   dfixu.o
        84          0          0          0          0        136   dflt_clz.o
       120          4          0          0          0         92   dleqf.o
       340         12          0          0          0        104   dmul.o
       156          4          0          0          0         92   dnaninf.o
        12          0          0          0          0         68   dretinf.o
       108          0          0          0          0         80   drleqf.o
       460         56          0          0          0        120   dsqrt_noumaal.o
        86          4          0          0          0         84   f2d.o
       430          8          0          0          0        168   faddsub_clz.o
        24          0          0          0          0         68   fcmpi.o
       388         76          0          0          0         96   fdiv.o
       104          4          0          0          0         84   feqf.o
        54          4          0          0          0         84   ffix.o
        62          4          0          0          0         84   ffixu.o
        86          0          0          0          0        136   fflt_clz.o
       104          4          0          0          0         84   fleqf.o
       258          4          0          0          0         84   fmul.o
       140          4          0          0          0         84   fnaninf.o
        10          0          0          0          0         68   fretinf.o
        98          0          0          0          0         68   frleqf.o
         0          0          0          0          0          0   usenofp.o
        76          0          0          0          0         84   sqrt.o

    ----------------------------------------------------------------------
      6650        272         60          0         96       5140   Library Totals
        26          0          3          0          0          0   (incl. Padding)

    ----------------------------------------------------------------------

      Code (inc. data)   RO Data    RW Data    ZI Data      Debug   Library Name

      2386         60         57          0         96       2572   c_w.l
      4162        212          0          0          0       2484   fz_ws.l
        76          0          0          0          0         84   m_ws.l

    ----------------------------------------------------------------------
      6650        272         60          0         96       5140   Library Totals

    ----------------------------------------------------------------------

==============================================================================


      Code (inc. data)   RO Data    RW Data    ZI Data      Debug   

     83270       3982       7762        624    1094768     565938   Grand Totals
     83270       3982       7762        216    1094768     565938   ELF Image Totals (compressed)
     83270       3982       7762        216          0          0   ROM Totals

==============================================================================

    Total RO  Size (Code + RO Data)                91032 (  88.90kB)
    Total RW  Size (RW Data + ZI Data)           1095392 (1069.72kB)
    Total ROM Size (Code + RO Data + RW Data)      91248 (  89.11kB)

==============================================================================

